Found python3, version: Python 3.10.12
[1mApache Maven 3.6.3[m
Maven home: /usr/share/maven
Java version: 17.0.15, vendor: Ubuntu, runtime: /usr/lib/jvm/java-17-openjdk-amd64
Default locale: en, platform encoding: UTF-8
OS name: "linux", version: "5.15.0-46-generic", arch: "amd64", family: "unix"
1.10.1
Get params:
    BUILD_BE                    -- 1
    BUILD_FORMAT_LIB            -- 0
    BE_CMAKE_TYPE               -- Release
    BUILD_FE                    -- 0
    BUILD_SPARK_DPP             -- 0
    BUILD_HIVE_UDF              -- 0
    CCACHE                      -- ccache
    CLEAN                       -- 0
    WITH_GCOV                   -- OFF
    WITH_BENCH                  -- OFF
    WITH_CLANG_TIDY             -- OFF
    WITH_COMPRESS_DEBUG_SYMBOL  -- OFF
    WITH_STARCACHE              -- ON
    ENABLE_SHARED_DATA          -- ON
    USE_AVX2                    -- ON
    USE_AVX512                  -- OFF
    USE_SSE4_2                  -- ON
    USE_BMI_2                   -- ON
    PARALLEL                    -- 32
    ENABLE_QUERY_DEBUG_TRACE    -- OFF
    ENABLE_FAULT_INJECTION      -- OFF
    BUILD_JAVA_EXT              -- OFF
    OUTPUT_COMPILE_TIME         -- OFF
    WITH_TENANN                 -- ON
    WITH_RELATIVE_SRC_PATH      -- ON
    WITH_MAVEN_BATCH_MODE       -- ON
    DISABLE_JAVA_CHECK_STYLE    -- OFF

Build generated code
make -C script
make[1]: Entering directory '/home/xujia/starrocks/gensrc/script'
python3 /home/xujia/starrocks/gensrc/script/../../build-support/gen_build_version.py --cpp /home/xujia/starrocks/gensrc/script/../build//gen_cpp
gen_build_version.py /home/xujia/starrocks/gensrc/script/../build//gen_cpp/version.cpp: old fingerprint = 897c57eed64fa7a720d7fb7206c8cbae, new fingerprint = 897c57eed64fa7a720d7fb7206c8cbae
make[1]: Leaving directory '/home/xujia/starrocks/gensrc/script'
make -C proto
make[1]: Entering directory '/home/xujia/starrocks/gensrc/proto'
make[1]: Nothing to be done for 'all'.
make[1]: Leaving directory '/home/xujia/starrocks/gensrc/proto'
make -C thrift
make[1]: Entering directory '/home/xujia/starrocks/gensrc/thrift'
make[1]: Nothing to be done for 'all'.
make[1]: Leaving directory '/home/xujia/starrocks/gensrc/thrift'
cmake version 3.22.1

CMake suite maintained and supported by Kitware (kitware.com/cmake).
Build Backend: Release
-- Build type is RELEASE
-- Build target arch is x86_64
-- make test: OFF
-- WITH TENANN is: ON
-- build gensrc if necessary
make: Entering directory '/home/xujia/starrocks/gensrc'
make -C script
make[1]: Entering directory '/home/xujia/starrocks/gensrc/script'
python3 /home/xujia/starrocks/gensrc/script/../../build-support/gen_build_version.py --cpp /home/xujia/starrocks/gensrc/script/../build//gen_cpp
gen_build_version.py /home/xujia/starrocks/gensrc/script/../build//gen_cpp/version.cpp: old fingerprint = 897c57eed64fa7a720d7fb7206c8cbae, new fingerprint = 897c57eed64fa7a720d7fb7206c8cbae
make[1]: Leaving directory '/home/xujia/starrocks/gensrc/script'
make -C proto
make[1]: Entering directory '/home/xujia/starrocks/gensrc/proto'
make[1]: Nothing to be done for 'all'.
make[1]: Leaving directory '/home/xujia/starrocks/gensrc/proto'
make -C thrift
make[1]: Entering directory '/home/xujia/starrocks/gensrc/thrift'
make[1]: Nothing to be done for 'all'.
make[1]: Leaving directory '/home/xujia/starrocks/gensrc/thrift'
make: Leaving directory '/home/xujia/starrocks/gensrc'
-- /var/local/thirdparty/installed/lib/libboost_thread.a/var/local/thirdparty/installed/lib/libboost_regex.a/var/local/thirdparty/installed/lib/libboost_program_options.a/var/local/thirdparty/installed/lib/libboost_filesystem.a/var/local/thirdparty/installed/lib/libboost_context.a/var/local/thirdparty/installed/lib/libboost_iostreams.a/var/local/thirdparty/installed/lib/libboost_chrono.a/var/local/thirdparty/installed/lib/libboost_atomic.a
-- Using OpenSSL Root Dir: /var/local/thirdparty/installed/
-- Found AWS SDK for C++, Version: 1.11.267, Install Root:/var/local/thirdparty/installed, Platform Prefix:, Platform Dependent Libraries: pthread;crypto;ssl;z;curl
-- Components specified for AWSSDK: core;s3;s3-crt;transfer;identity-management;sts, application will be depending on libs: aws-cpp-sdk-s3-crt;aws-cpp-sdk-transfer;aws-cpp-sdk-identity-management;aws-cpp-sdk-cognito-identity;aws-cpp-sdk-sts;aws-cpp-sdk-s3;aws-cpp-sdk-core;aws-crt-cpp;aws-c-auth;aws-c-cal;aws-c-common;aws-c-compression;aws-c-event-stream;aws-c-http;aws-c-io;aws-c-mqtt;aws-c-s3;aws-checksums;aws-c-sdkutils;pthread;crypto;ssl;z;curl
-- Try finding aws-cpp-sdk-core
-- S2N found target: crypto
-- crypto Include Dir: crypto_INCLUDE_DIR-NOTFOUND
-- S2N found target: crypto
-- crypto Include Dir: crypto_INCLUDE_DIR-NOTFOUND
-- S2N found target: crypto
-- crypto Include Dir: crypto_INCLUDE_DIR-NOTFOUND
-- S2N found target: crypto
-- crypto Include Dir: crypto_INCLUDE_DIR-NOTFOUND
-- S2N found target: crypto
-- crypto Include Dir: crypto_INCLUDE_DIR-NOTFOUND
-- S2N found target: crypto
-- crypto Include Dir: crypto_INCLUDE_DIR-NOTFOUND
-- S2N found target: crypto
-- crypto Include Dir: crypto_INCLUDE_DIR-NOTFOUND
-- S2N found target: crypto
-- crypto Include Dir: crypto_INCLUDE_DIR-NOTFOUND
-- Found aws-cpp-sdk-core
-- Try finding aws-cpp-sdk-s3
-- Found aws-cpp-sdk-s3
-- Try finding aws-cpp-sdk-sts
-- Found aws-cpp-sdk-sts
-- Try finding aws-cpp-sdk-cognito-identity
-- Found aws-cpp-sdk-cognito-identity
-- Try finding aws-cpp-sdk-identity-management
-- Found aws-cpp-sdk-identity-management
-- Try finding aws-cpp-sdk-transfer
-- Found aws-cpp-sdk-transfer
-- Try finding aws-cpp-sdk-s3-crt
-- Found aws-cpp-sdk-s3-crt
-- Found OpenSSL: /var/local/thirdparty/installed/lib/libcrypto.a (found version "1.1.1m") found components: Crypto 
-- Found OpenSSL: /var/local/thirdparty/installed/lib/libcrypto.a (found version "1.1.1m") found components: SSL 
-- Could NOT find ZLIB (missing: ZLIB_LIBRARY ZLIB_INCLUDE_DIR) 
-- Could NOT find Protobuf (missing: Protobuf_INCLUDE_DIR) 
-- Found RE2 via CMake.
-- Using gRPC 1.43.0
-- link the starcache in directory: /var/local/thirdparty/installed//starcache
-- Searching starlet related libraries from /var/local/thirdparty/installed/starlet ...
-- Using prometheus-cpp
--   include: /var/local/thirdparty/installed/starlet/third_party/include
-- Found OpenSSL: /var/local/thirdparty/installed/lib/libcrypto.a (found version "1.1.1m")  
-- Using starlet 0.0.1
-- starlet inc dir: /var/local/thirdparty/installed/starlet/starlet_install/include
-- starlet lib dir: /var/local/thirdparty/installed/starlet/starlet_install/lib
-- Enable JIT
-- Compiler Flags:   -Wall -Wno-sign-compare -Wno-unknown-pragmas -pthread -Wno-register -Wno-strict-aliasing -fno-omit-frame-pointer -std=gnu++20 -D__STDC_FORMAT_MACROS -Wno-deprecated -Wno-vla -Wno-comment -ffile-prefix-map=/home/xujia/starrocks/be/build_Release=. -ffile-prefix-map=/home/xujia/starrocks/be=be -fno-sized-deallocation -Werror -Wno-unused-parameter -Wno-documentation -Wno-weak-vtables -Werror=string-plus-int -Werror=pessimizing-move -Werror=delete-non-virtual-dtor -Wno-reserved-identifier -Wno-suggest-destructor-override -Wno-documentation-unknown-command -Wno-old-style-cast -Wno-c++20-designator -Wno-mismatched-tags -Wno-bitwise-instead-of-logical -Wno-inconsistent-missing-override -Wno-ambiguous-reversed-operator -Wno-unsafe-buffer-usage -Wno-switch-default -DBOOST_DATE_TIME_POSIX_TIME_STD_CONFIG -DBOOST_SYSTEM_NO_DEPRECATED -DBOOST_UUID_RANDOM_PROVIDER_FORCE_POSIX -Werror=return-type -Werror=switch -DUSE_STAROS -DWITH_STARCACHE --gcc-toolchain=/bin/.. -msse4.2 -mpclmul -mavx2 -mbmi2  -Wno-attributes -DS2_USE_GFLAGS -DS2_USE_GLOG -faligned-new  -DSTARROCKS_JIT_ENABLE -g -Wno-unused-local-typedefs -O3 -gdwarf-4 -DNDEBUG
use jemalloc
GLIBC version: 2.35
using linker: lld
++++ <STARROCKS_HOME> is set. formats/orc/apache-orc is compiled in StarRocks env ++++
-- Build type: RELEASE
-- compiler Clang version 19.1.7
-- SNAPPY_HOME: /var/local/thirdparty/installed
-- Found the Snappy header: /var/local/thirdparty/installed/include/snappy.h
-- Found the Snappy library: /var/local/thirdparty/installed/lib/libsnappy.a
-- ZLIB_HOME: /var/local/thirdparty/installed
-- Found the ZLIB header: /var/local/thirdparty/installed//include/zlib.h
-- Found the ZLIB library: /var/local/thirdparty/installed//lib/libz.a
-- Found the ZLIB static library: /var/local/thirdparty/installed/lib/libz.a
-- ZSTD_HOME: /var/local/thirdparty/installed
-- Found the zstd header: /var/local/thirdparty/installed/include/zstd/zstd.h
-- Found the zstd library: /var/local/thirdparty/installed/lib
-- LZ4_HOME: /var/local/thirdparty/installed
-- Found the LZ4 header: /var/local/thirdparty/installed/include/lz4/lz4.h
-- Found the LZ4 library: /var/local/thirdparty/installed/lib
-- PROTOBUF_HOME: /var/local/thirdparty/installed
-- Found the Protobuf headers: /var/local/thirdparty/installed/include
-- Found the Protobuf library: /var/local/thirdparty/installed/lib/libprotobuf.a
-- Found the Protoc library: /var/local/thirdparty/installed/lib/libprotoc.a
-- Found the Protoc executable: /var/local/thirdparty/installed/bin/protoc
-- Found the Protobuf static library: /var/local/thirdparty/installed/lib/libprotobuf.a
-- Found the Protoc static library: /var/local/thirdparty/installed/lib/libprotoc.a
-- Configuring done
-- Generating done
-- Build files have been written to: /home/xujia/starrocks/be/build_Release
[1/1346] Building CXX object src/common/CMakeFiles/Common.dir/process_exit.cpp.o
[2/1346] Building CXX object src/common/CMakeFiles/Common.dir/statusor.cpp.o
[3/1346] Building CXX object src/agent/CMakeFiles/Agent.dir/task_signatures_manager.cpp.o
[4/1346] Building CXX object src/common/CMakeFiles/Common.dir/minidump.cpp.o
[5/1346] Building CXX object src/agent/CMakeFiles/Agent.dir/master_info.cpp.o
[6/1346] Building CXX object src/common/CMakeFiles/Common.dir/prof/heap_prof.cpp.o
[7/1346] Building CXX object src/common/CMakeFiles/Common.dir/greplog.cpp.o
[8/1346] Building CXX object src/common/CMakeFiles/Common.dir/s3_uri.cpp.o
[9/1346] Building CXX object src/connector/CMakeFiles/Connector.dir/iceberg_connector.cpp.o
[10/1346] Building CXX object src/agent/CMakeFiles/Agent.dir/utils.cpp.o
[11/1346] Building CXX object src/common/CMakeFiles/Common.dir/status.cpp.o
[12/1346] Building CXX object src/common/CMakeFiles/Common.dir/configbase.cpp.o
[13/1346] Building CXX object src/formats/CMakeFiles/Formats.dir/csv/decimalv2_converter.cpp.o
[14/1346] Building CXX object src/connector/CMakeFiles/Connector.dir/jdbc_connector.cpp.o
[15/1346] Building CXX object src/agent/CMakeFiles/Agent.dir/report_task.cpp.o
[16/1346] Building CXX object src/connector/CMakeFiles/Connector.dir/deletion_vector/deletion_bitmap.cpp.o
[17/1346] Building CXX object src/connector/CMakeFiles/Connector.dir/async_flush_stream_poller.cpp.o
[18/1346] Building CXX object src/agent/CMakeFiles/Agent.dir/finish_task.cpp.o
[19/1346] Building CXX object src/column/CMakeFiles/Column.dir/column.cpp.o
[20/1346] Building CXX object src/common/CMakeFiles/Common.dir/tracer.cpp.o
[21/1346] Building CXX object src/column/CMakeFiles/Column.dir/chunk_extra_data.cpp.o
[22/1346] Building CXX object src/connector/CMakeFiles/Connector.dir/connector_chunk_sink.cpp.o
[23/1346] Building CXX object src/connector/CMakeFiles/Connector.dir/sink_memory_manager.cpp.o
[24/1346] Building CXX object src/common/CMakeFiles/Common.dir/logconfig.cpp.o
[25/1346] Building CXX object src/connector/CMakeFiles/Connector.dir/connector.cpp.o
[26/1346] Building CXX object src/connector/CMakeFiles/Connector.dir/connector_sink_executor.cpp.o
[27/1346] Building CXX object src/agent/CMakeFiles/Agent.dir/heartbeat_server.cpp.o
[28/1346] Building CXX object src/column/CMakeFiles/Column.dir/datum_tuple.cpp.o
[29/1346] Building CXX object src/column/CMakeFiles/Column.dir/datum.cpp.o
[30/1346] Building CXX object src/agent/CMakeFiles/Agent.dir/resource_group_usage_recorder.cpp.o
[31/1346] Building CXX object src/column/CMakeFiles/Column.dir/datum_convert.cpp.o
[32/1346] Building CXX object src/connector/CMakeFiles/Connector.dir/deletion_vector/deletion_vector.cpp.o
[33/1346] Building CXX object src/column/CMakeFiles/Column.dir/adaptive_nullable_column.cpp.o
[34/1346] Building CXX object src/column/CMakeFiles/Column.dir/field.cpp.o
[35/1346] Building CXX object src/connector/CMakeFiles/Connector.dir/file_chunk_sink.cpp.o
[36/1346] Building CXX object src/connector/CMakeFiles/Connector.dir/utils.cpp.o
[37/1346] Building CXX object src/column/CMakeFiles/Column.dir/const_column.cpp.o
[38/1346] Building CXX object src/column/CMakeFiles/Column.dir/column_visitor_mutable.cpp.o
[39/1346] Building CXX object src/connector/CMakeFiles/Connector.dir/file_connector.cpp.o
[40/1346] Building CXX object src/column/CMakeFiles/Column.dir/column_visitor.cpp.o
[41/1346] Building CXX object src/common/CMakeFiles/Common.dir/daemon.cpp.o
[42/1346] Building CXX object src/agent/CMakeFiles/Agent.dir/publish_version.cpp.o
[43/1346] Building CXX object src/column/CMakeFiles/Column.dir/column_access_path.cpp.o
[44/1346] Building CXX object src/connector/CMakeFiles/Connector.dir/es_connector.cpp.o
[45/1346] Building CXX object src/agent/CMakeFiles/Agent.dir/agent_task.cpp.o
[46/1346] Building CXX object src/column/CMakeFiles/Column.dir/chunk.cpp.o
[47/1346] Building CXX object src/connector/CMakeFiles/Connector.dir/iceberg_chunk_sink.cpp.o
[48/1346] Building CXX object src/column/CMakeFiles/Column.dir/array_column.cpp.o
[49/1346] Building CXX object src/connector/CMakeFiles/Connector.dir/hive_chunk_sink.cpp.o
[50/1346] Building CXX object src/column/CMakeFiles/Column.dir/array_view_column.cpp.o
[51/1346] Building CXX object src/column/CMakeFiles/Column.dir/german_string.cpp.o
[52/1346] Building CXX object src/column/CMakeFiles/Column.dir/stream_chunk.cpp.o
[53/1346] Building CXX object src/formats/CMakeFiles/Formats.dir/csv/array_reader.cpp.o
[54/1346] Building CXX object src/connector/CMakeFiles/Connector.dir/partition_chunk_writer.cpp.o
[55/1346] Building CXX object src/column/CMakeFiles/Column.dir/nullable_column.cpp.o
[56/1346] Building CXX object src/column/CMakeFiles/Column.dir/variant_column.cpp.o
[57/1346] Building CXX object src/formats/CMakeFiles/Formats.dir/csv/date_converter.cpp.o
[58/1346] Building CXX object src/formats/CMakeFiles/Formats.dir/csv/array_converter.cpp.o
[59/1346] Building CXX object src/column/CMakeFiles/Column.dir/schema.cpp.o
[60/1346] Building CXX object src/formats/CMakeFiles/Formats.dir/csv/datetime_converter.cpp.o
[61/1346] Building CXX object src/formats/CMakeFiles/Formats.dir/csv/boolean_converter.cpp.o
[62/1346] Building CXX object src/formats/CMakeFiles/Formats.dir/csv/converter.cpp.o
[63/1346] Building CXX object src/formats/CMakeFiles/Formats.dir/csv/csv_reader.cpp.o
[64/1346] Building CXX object src/formats/CMakeFiles/Formats.dir/csv/default_value_converter.cpp.o
[65/1346] Building CXX object src/formats/CMakeFiles/Formats.dir/csv/map_converter.cpp.o
[66/1346] Building CXX object src/connector/CMakeFiles/Connector.dir/binlog_connector.cpp.o
[67/1346] Building CXX object src/formats/CMakeFiles/Formats.dir/csv/nullable_converter.cpp.o
[68/1346] Building CXX object src/connector/CMakeFiles/Connector.dir/mysql_connector.cpp.o
[69/1346] Building CXX object src/formats/CMakeFiles/Formats.dir/csv/float_converter.cpp.o
[70/1346] Building CXX object src/column/CMakeFiles/Column.dir/column_view/column_view_base.cpp.o
[71/1346] Building CXX object src/column/CMakeFiles/Column.dir/json_column.cpp.o
[72/1346] Building CXX object src/formats/CMakeFiles/Formats.dir/csv/string_converter.cpp.o
[73/1346] Building CXX object src/formats/CMakeFiles/Formats.dir/csv/varbinary_converter.cpp.o
[74/1346] Building CXX object src/column/CMakeFiles/Column.dir/column_view/column_view_helper.cpp.o
[75/1346] Building CXX object src/formats/CMakeFiles/Formats.dir/csv/json_converter.cpp.o
[76/1346] Building CXX object src/formats/CMakeFiles/Formats.dir/json/struct_column.cpp.o
[77/1346] Building CXX object src/agent/CMakeFiles/Agent.dir/task_worker_pool.cpp.o
[78/1346] Building CXX object src/formats/CMakeFiles/Formats.dir/csv/numeric_converter.cpp.o
[79/1346] Building CXX object src/formats/CMakeFiles/Formats.dir/json/binary_column.cpp.o
[80/1346] Building CXX object src/connector/CMakeFiles/Connector.dir/lake_connector.cpp.o
[81/1346] Building CXX object src/formats/CMakeFiles/Formats.dir/json/map_column.cpp.o
[82/1346] Building CXX object src/formats/CMakeFiles/Formats.dir/avro/cpp/nullable_column_reader.cpp.o
[83/1346] Building CXX object src/formats/CMakeFiles/Formats.dir/csv/csv_file_writer.cpp.o
[84/1346] Building CXX object src/formats/CMakeFiles/Formats.dir/csv/decimalv3_converter.cpp.o
[85/1346] Building CXX object src/column/CMakeFiles/Column.dir/object_column.cpp.o
[86/1346] Building CXX object src/formats/CMakeFiles/Formats.dir/avro/nullable_column.cpp.o
[87/1346] Building CXX object src/formats/CMakeFiles/Formats.dir/avro/binary_column.cpp.o
[88/1346] Building CXX object src/formats/CMakeFiles/Formats.dir/json/nullable_column.cpp.o
[89/1346] Building CXX object src/connector/CMakeFiles/Connector.dir/hive_connector.cpp.o
[90/1346] Building CXX object src/column/CMakeFiles/Column.dir/decimalv3_column.cpp.o
[91/1346] Building CXX object src/formats/CMakeFiles/Formats.dir/avro/numeric_column.cpp.o
[92/1346] Building CXX object src/formats/CMakeFiles/Formats.dir/orc/orc_memory_pool.cpp.o
[93/1346] Building CXX object src/formats/CMakeFiles/Formats.dir/avro/cpp/avro_schema_builder.cpp.o
[94/1346] Building CXX object src/formats/CMakeFiles/Formats.dir/orc/memory_stream/MemoryInputStream.cc.o
[95/1346] Building CXX object src/formats/CMakeFiles/Formats.dir/avro/cpp/avro_reader.cpp.o
[96/1346] Building CXX object src/formats/CMakeFiles/Formats.dir/avro/cpp/column_reader.cpp.o
[97/1346] Building CXX object src/formats/CMakeFiles/Formats.dir/avro/cpp/date_column_reader.cpp.o
[98/1346] Building CXX object src/formats/CMakeFiles/Formats.dir/avro/cpp/utils.cpp.o
[99/1346] Building CXX object src/formats/CMakeFiles/Formats.dir/orc/memory_stream/MemoryOutputStream.cc.o
[100/1346] Building CXX object src/column/CMakeFiles/Column.dir/binary_column.cpp.o
[101/1346] Building CXX object src/formats/CMakeFiles/Formats.dir/avro/cpp/binary_column_reader.cpp.o
[102/1346] Building CXX object src/formats/CMakeFiles/Formats.dir/avro/cpp/numeric_column_reader.cpp.o
[103/1346] Building CXX object src/formats/CMakeFiles/Formats.dir/parquet/arrow_memory_pool.cpp.o
[104/1346] Building CXX object src/formats/CMakeFiles/Formats.dir/orc/orc_mapping.cpp.o
[105/1346] Building CXX object src/column/CMakeFiles/Column.dir/struct_column.cpp.o
[106/1346] Building CXX object src/formats/CMakeFiles/Formats.dir/orc/utils.cpp.o
[107/1346] Building CXX object src/formats/CMakeFiles/Formats.dir/avro/cpp/complex_column_reader.cpp.o
[108/1346] Building CXX object src/formats/CMakeFiles/Formats.dir/orc/orc_schema_builder.cpp.o
[109/1346] Building CXX object src/formats/CMakeFiles/Formats.dir/parquet/level_codec.cpp.o
[110/1346] Building CXX object src/formats/CMakeFiles/Formats.dir/json/numeric_column.cpp.o
[111/1346] Building CXX object src/formats/CMakeFiles/Formats.dir/orc/orc_input_stream.cpp.o
[112/1346] Building CXX object src/formats/CMakeFiles/Formats.dir/parquet/utils.cpp.o
[113/1346] Building CXX object src/column/CMakeFiles/Column.dir/map_column.cpp.o
[114/1346] Building CXX object src/formats/CMakeFiles/Formats.dir/orc/orc_min_max_decoder.cpp.o
[115/1346] Building CXX object src/formats/CMakeFiles/Formats.dir/parquet/column_read_order_ctx.cpp.o
[116/1346] Building CXX object src/formats/CMakeFiles/Formats.dir/parquet/parquet_block_split_bloom_filter.cpp.o
[117/1346] Building CXX object src/formats/CMakeFiles/Formats.dir/parquet/schema.cpp.o
[118/1346] Building CXX object src/formats/CMakeFiles/Formats.dir/parquet/stored_column_reader_with_index.cpp.o
[119/1346] Building CXX object src/formats/CMakeFiles/Formats.dir/parquet/column_chunk_writer.cpp.o
[120/1346] Building CXX object src/formats/CMakeFiles/Formats.dir/parquet/column_reader.cpp.o
[121/1346] Building CXX object src/formats/CMakeFiles/Formats.dir/parquet/column_chunk_reader.cpp.o
[122/1346] Building CXX object src/formats/CMakeFiles/Formats.dir/parquet/chunk_writer.cpp.o
[123/1346] Building CXX object src/formats/orc/apache-orc/c++/src/CMakeFiles/orc.dir/io/InputStream.cc.o
[124/1346] Building CXX object src/formats/CMakeFiles/Formats.dir/orc/orc_file_writer.cpp.o
[125/1346] Building CXX object src/formats/orc/apache-orc/c++/src/CMakeFiles/orc.dir/sargs/ExpressionTree.cc.o
[126/1346] Building CXX object src/formats/orc/apache-orc/c++/src/CMakeFiles/orc.dir/io/OutputStream.cc.o
[127/1346] Building CXX object src/formats/CMakeFiles/Formats.dir/parquet/variant.cpp.o
[128/1346] Building CXX object src/formats/orc/apache-orc/c++/src/CMakeFiles/orc.dir/sargs/Literal.cc.o
[129/1346] Building CXX object src/formats/orc/apache-orc/c++/src/CMakeFiles/orc.dir/sargs/TruthValue.cc.o
[130/1346] Building CXX object src/formats/orc/apache-orc/c++/src/CMakeFiles/orc.dir/Adaptor.cc.o
[131/1346] Building CXX object src/exec/CMakeFiles/Exec.dir/schema_scanner/schema_be_txns_scanner.cpp.o
[132/1346] Building CXX object src/formats/orc/apache-orc/c++/src/CMakeFiles/orc.dir/BloomFilter.cc.o
[133/1346] Building CXX object src/formats/orc/apache-orc/c++/src/CMakeFiles/orc.dir/sargs/SargsApplier.cc.o
[134/1346] Building CXX object src/formats/orc/apache-orc/c++/src/CMakeFiles/orc.dir/Common.cc.o
[135/1346] Building CXX object src/agent/CMakeFiles/Agent.dir/agent_server.cpp.o
[136/1346] Building CXX object src/formats/CMakeFiles/Formats.dir/parquet/page_reader.cpp.o
[137/1346] Building CXX object src/formats/orc/apache-orc/c++/src/CMakeFiles/orc.dir/sargs/PredicateLeaf.cc.o
[138/1346] Building CXX object src/formats/orc/apache-orc/c++/src/CMakeFiles/orc.dir/ByteRLE.cc.o
[139/1346] Building CXX object src/column/CMakeFiles/Column.dir/fixed_length_column.cpp.o
[140/1346] Building CXX object src/formats/CMakeFiles/Formats.dir/parquet/metadata.cpp.o
[141/1346] Building CXX object src/formats/orc/apache-orc/c++/src/CMakeFiles/orc.dir/LzoDecompressor.cc.o
[142/1346] Building CXX object src/formats/CMakeFiles/Formats.dir/parquet/column_converter.cpp.o
[143/1346] Building CXX object src/formats/CMakeFiles/Formats.dir/parquet/column_reader_factory.cpp.o
[144/1346] Building CXX object src/formats/CMakeFiles/Formats.dir/parquet/scalar_column_reader.cpp.o
[145/1346] Building CXX object src/formats/CMakeFiles/Formats.dir/parquet/complex_column_reader.cpp.o
[146/1346] Building CXX object src/formats/CMakeFiles/Formats.dir/parquet/meta_helper.cpp.o
[147/1346] Building CXX object src/formats/CMakeFiles/Formats.dir/parquet/group_reader.cpp.o
[148/1346] Building CXX object src/formats/CMakeFiles/Formats.dir/parquet/file_writer.cpp.o
[149/1346] Building CXX object src/formats/CMakeFiles/Formats.dir/parquet/statistics_helper.cpp.o
[150/1346] Building CXX object src/formats/orc/apache-orc/c++/src/CMakeFiles/orc.dir/sargs/SearchArgument.cc.o
[151/1346] Building CXX object src/formats/orc/apache-orc/c++/src/CMakeFiles/orc.dir/wrap/orc-proto-wrapper.cc.o
[152/1346] Building CXX object src/formats/orc/apache-orc/c++/src/CMakeFiles/orc.dir/ColumnPrinter.cc.o
[153/1346] Building CXX object src/formats/orc/apache-orc/c++/src/CMakeFiles/orc.dir/ColumnReader.cc.o
[154/1346] Building CXX object src/formats/orc/apache-orc/c++/src/CMakeFiles/orc.dir/ColumnWriter.cc.o
[155/1346] Building CXX object src/formats/orc/apache-orc/c++/src/CMakeFiles/orc.dir/Compression.cc.o
[156/1346] Building CXX object src/column/CMakeFiles/Column.dir/column_viewer.cpp.o
[157/1346] Building CXX object src/formats/CMakeFiles/Formats.dir/parquet/stored_column_reader.cpp.o
[158/1346] Building CXX object src/formats/CMakeFiles/Formats.dir/parquet/level_builder.cpp.o
[159/1346] Building CXX object src/formats/orc/apache-orc/c++/src/CMakeFiles/orc.dir/Exceptions.cc.o
[160/1346] Building CXX object src/formats/orc/apache-orc/c++/src/CMakeFiles/orc.dir/Murmur3.cc.o
[161/1346] Building CXX object src/formats/orc/apache-orc/c++/src/CMakeFiles/orc.dir/MemoryPool.cc.o
[162/1346] Building CXX object src/formats/orc/apache-orc/c++/src/CMakeFiles/orc.dir/OrcFile.cc.o
[163/1346] Building CXX object src/formats/orc/apache-orc/c++/src/CMakeFiles/orc.dir/RLEv1.cc.o
[164/1346] Building CXX object src/formats/orc/apache-orc/c++/src/CMakeFiles/orc.dir/RLEV2Util.cc.o
[165/1346] Building CXX object src/column/CMakeFiles/Column.dir/column_helper.cpp.o
[166/1346] Building CXX object src/formats/orc/apache-orc/c++/src/CMakeFiles/orc.dir/Int128.cc.o
[167/1346] Building CXX object src/formats/orc/apache-orc/c++/src/CMakeFiles/orc.dir/RleDecoderV2.cc.o
[168/1346] Building CXX object src/formats/orc/apache-orc/c++/src/CMakeFiles/orc.dir/RleEncoderV2.cc.o
[169/1346] Building CXX object src/formats/orc/apache-orc/c++/src/CMakeFiles/orc.dir/RLE.cc.o
[170/1346] Building CXX object src/formats/orc/apache-orc/c++/src/CMakeFiles/orc.dir/StripeStream.cc.o
[171/1346] Building CXX object src/formats/orc/apache-orc/c++/src/CMakeFiles/orc.dir/bit_packing.cc.o
[172/1346] Building CXX object src/fs/CMakeFiles/FileSystem.dir/azure/azblob_uri.cpp.o
[173/1346] Building CXX object src/formats/CMakeFiles/Formats.dir/parquet/parquet_file_writer.cpp.o
[174/1346] Building CXX object src/fs/CMakeFiles/FileSystem.dir/azure/utils.cpp.o
[175/1346] Building CXX object src/formats/orc/apache-orc/c++/src/CMakeFiles/orc.dir/Timezone.cc.o
[176/1346] Building CXX object src/formats/orc/apache-orc/c++/src/CMakeFiles/orc.dir/Vector.cc.o
[177/1346] Building CXX object src/formats/orc/apache-orc/c++/src/CMakeFiles/orc.dir/Statistics.cc.o
[178/1346] Building CXX object src/fs/CMakeFiles/FileSystem.dir/s3/poco_http_client.cpp.o
[179/1346] Building CXX object src/fs/CMakeFiles/FileSystem.dir/fs_util.cpp.o
[180/1346] Building CXX object src/fs/CMakeFiles/FileSystem.dir/s3/poco_http_client_factory.cpp.o
[181/1346] Building CXX object src/fs/CMakeFiles/FileSystem.dir/fd_cache.cpp.o
[182/1346] Building CXX object src/fs/CMakeFiles/FileSystem.dir/fs_broker.cpp.o
[183/1346] Building CXX object src/fs/CMakeFiles/FileSystem.dir/credential/cloud_configuration_factory.cpp.o
[184/1346] Building CXX object src/formats/orc/apache-orc/c++/src/CMakeFiles/orc.dir/TypeImpl.cc.o
[185/1346] Building CXX object src/fs/CMakeFiles/FileSystem.dir/fs_memory.cpp.o
[186/1346] Building CXX object src/fs/CMakeFiles/FileSystem.dir/hdfs/hdfs_fs_cache.cpp.o
[187/1346] Building CXX object src/exec/CMakeFiles/Exec.dir/pipeline/set/union_const_source_operator.cpp.o
[188/1346] Building CXX object src/formats/orc/apache-orc/c++/src/CMakeFiles/orc.dir/Writer.cc.o
[189/1346] Building CXX object src/fs/CMakeFiles/FileSystem.dir/encrypt_file.cpp.o
[190/1346] Building CXX object src/formats/CMakeFiles/Formats.dir/parquet/encoding.cpp.o
[191/1346] Building CXX object src/fs/CMakeFiles/FileSystem.dir/fs_s3.cpp.o
[192/1346] Building CXX object src/formats/CMakeFiles/Formats.dir/orc/orc_chunk_reader.cpp.o
[193/1346] Building CXX object src/fs/CMakeFiles/FileSystem.dir/s3/poco_common.cpp.o
[194/1346] Building CXX object src/exec/CMakeFiles/Exec.dir/sort_exec_exprs.cpp.o
[195/1346] Building CXX object src/fs/CMakeFiles/FileSystem.dir/fs_posix.cpp.o
[196/1346] Building CXX object src/fs/CMakeFiles/FileSystem.dir/key_cache.cpp.o
[197/1346] Building CXX object src/fs/CMakeFiles/FileSystem.dir/fs.cpp.o
[198/1346] Building CXX object src/fs/CMakeFiles/FileSystem.dir/bundle_file.cpp.o
[199/1346] Building CXX object src/formats/orc/apache-orc/c++/src/CMakeFiles/orc.dir/Reader.cc.o
[200/1346] Building CXX object src/fs/CMakeFiles/FileSystem.dir/fs_starlet.cpp.o
[201/1346] Building CXX object src/exec/CMakeFiles/Exec.dir/pipeline/set/union_passthrough_operator.cpp.o
[202/1346] Building CXX object src/exec/CMakeFiles/Exec.dir/mysql_scanner.cpp.o
[203/1346] Building CXX object src/exec/CMakeFiles/Exec.dir/write_combined_txn_log.cpp.o
[204/1346] Building CXX object src/exec/CMakeFiles/Exec.dir/pipeline/hashjoin/hash_join_build_operator.cpp.o
[205/1346] Building CXX object src/fs/CMakeFiles/FileSystem.dir/hdfs/fs_hdfs.cpp.o
[206/1346] Building CXX object src/exec/CMakeFiles/Exec.dir/es/es_query_builder.cpp.o
[207/1346] Building CXX object src/exec/CMakeFiles/Exec.dir/local_file_writer.cpp.o
[208/1346] Building CXX object src/fs/CMakeFiles/FileSystem.dir/azure/fs_azblob.cpp.o
[209/1346] Building CXX object src/exec/CMakeFiles/Exec.dir/es/es_scroll_query.cpp.o
[210/1346] Building CXX object src/exec/CMakeFiles/Exec.dir/exchange_node.cpp.o
[211/1346] Building CXX object src/exec/CMakeFiles/Exec.dir/short_circuit.cpp.o
[212/1346] Building CXX object src/exec/CMakeFiles/Exec.dir/empty_set_node.cpp.o
[213/1346] Building CXX object src/exec/CMakeFiles/Exec.dir/multi_olap_table_sink.cpp.o
[214/1346] Building CXX object src/exec/CMakeFiles/Exec.dir/es/es_scan_reader.cpp.o
[215/1346] Building CXX object src/exec/CMakeFiles/Exec.dir/capture_version_node.cpp.o
[216/1346] Building CXX object src/exec/CMakeFiles/Exec.dir/select_node.cpp.o
[217/1346] Building CXX object src/formats/CMakeFiles/Formats.dir/parquet/file_reader.cpp.o
[218/1346] Building CXX object src/exec/CMakeFiles/Exec.dir/tablet_sink_colocate_sender.cpp.o
[219/1346] Building CXX object src/exec/CMakeFiles/Exec.dir/scan_node.cpp.o
[220/1346] Building CXX object src/exec/CMakeFiles/Exec.dir/tablet_sink_sender.cpp.o
[221/1346] Building CXX object src/exec/CMakeFiles/Exec.dir/short_circuit_hybrid.cpp.o
[222/1346] Building CXX object src/exec/CMakeFiles/Exec.dir/plain_text_builder.cpp.o
[223/1346] Building CXX object src/exec/CMakeFiles/Exec.dir/partition/bucket_aware_partition.cpp.o
[224/1346] Building CXX object src/column/CMakeFiles/Column.dir/fixed_length_column_base.cpp.o
[225/1346] Linking CXX static library ../output/tmp/RELEASE/libCommon.a
[226/1346] Building CXX object src/exec/CMakeFiles/Exec.dir/aggregate/aggregate_base_node.cpp.o
[227/1346] Building CXX object src/exec/CMakeFiles/Exec.dir/tablet_scanner.cpp.o
[228/1346] Building CXX object src/exec/CMakeFiles/Exec.dir/es/es_scroll_parser.cpp.o
[229/1346] Building CXX object src/exec/CMakeFiles/Exec.dir/data_sink.cpp.o
[230/1346] Building CXX object src/exec/CMakeFiles/Exec.dir/tablet_info.cpp.o
[231/1346] Building CXX object src/exec/CMakeFiles/Exec.dir/analytor.cpp.o
[232/1346] Building CXX object src/exec/CMakeFiles/Exec.dir/meta_scan_node.cpp.o
[233/1346] Building CXX object src/exec/CMakeFiles/Exec.dir/lake_meta_scanner.cpp.o
[234/1346] Building CXX object src/exec/CMakeFiles/Exec.dir/exec_node.cpp.o
[235/1346] Building CXX object src/exec/CMakeFiles/Exec.dir/olap_meta_scanner.cpp.o
[236/1346] Building CXX object src/exec/CMakeFiles/Exec.dir/aggregate/compress_serializer.cpp.o
[237/1346] Building CXX object src/exec/CMakeFiles/Exec.dir/partition/chunks_partitioner.cpp.o
[238/1346] Building CXX object src/exec/CMakeFiles/Exec.dir/lake_meta_scan_node.cpp.o
[239/1346] Building CXX object src/exec/CMakeFiles/Exec.dir/aggregate/aggregate_streaming_node.cpp.o
[240/1346] Building CXX object src/exec/CMakeFiles/Exec.dir/tablet_sink.cpp.o
[241/1346] Building CXX object src/exec/CMakeFiles/Exec.dir/hash_joiner.cpp.o
[242/1346] Building CXX object src/exec/CMakeFiles/Exec.dir/aggregate/distinct_streaming_node.cpp.o
[243/1346] Building CXX object src/exec/CMakeFiles/Exec.dir/olap_meta_scan_node.cpp.o
[244/1346] Building CXX object src/exec/CMakeFiles/Exec.dir/aggregate/aggregate_blocking_node.cpp.o
[245/1346] Building CXX object src/exec/CMakeFiles/Exec.dir/analytic_node.cpp.o
[246/1346] Building CXX object src/exec/CMakeFiles/Exec.dir/tablet_sink_index_channel.cpp.o
[247/1346] Building CXX object src/exec/CMakeFiles/Exec.dir/except_hash_set.cpp.o
[248/1346] Building CXX object src/exec/CMakeFiles/Exec.dir/partition/partition_hash_variant.cpp.o
[249/1346] Building CXX object src/exec/CMakeFiles/Exec.dir/spillable_chunks_sorter_full_sort.cpp.o
[250/1346] Building CXX object src/exec/CMakeFiles/Exec.dir/hash_join_node.cpp.o
[251/1346] Building CXX object src/exec/CMakeFiles/Exec.dir/chunks_sorter_full_sort.cpp.o
[252/1346] Building CXX object src/exec/CMakeFiles/Exec.dir/parquet_schema_builder.cpp.o
[253/1346] Building CXX object src/exec/CMakeFiles/Exec.dir/cross_join_node.cpp.o
[254/1346] Building CXX object src/exec/CMakeFiles/Exec.dir/parquet_reader.cpp.o
[255/1346] Building CXX object src/exec/CMakeFiles/Exec.dir/aggregate/distinct_blocking_node.cpp.o
[256/1346] Building CXX object src/exec/CMakeFiles/Exec.dir/chunks_sorter_topn.cpp.o
[257/1346] Building CXX object src/exec/CMakeFiles/Exec.dir/join/join_hash_table_descriptor.cpp.o
[258/1346] Building CXX object src/exec/CMakeFiles/Exec.dir/parquet_builder.cpp.o
[259/1346] Building CXX object src/exec/CMakeFiles/Exec.dir/olap_scan_node.cpp.o
[260/1346] Building CXX object src/exec/CMakeFiles/Exec.dir/topn_node.cpp.o
[261/1346] Building CXX object src/exec/CMakeFiles/Exec.dir/olap_common.cpp.o
[262/1346] Building CXX object src/exec/CMakeFiles/Exec.dir/json_parser.cpp.o
[263/1346] Building CXX object src/exec/CMakeFiles/Exec.dir/assert_num_rows_node.cpp.o
[264/1346] Building CXX object src/exec/CMakeFiles/Exec.dir/intersect_hash_set.cpp.o
[265/1346] Building CXX object src/exec/CMakeFiles/Exec.dir/join/join_key_constructor.cpp.o
[266/1346] Building CXX object src/exec/CMakeFiles/Exec.dir/parquet_writer.cpp.o
[267/1346] Building CXX object src/exec/CMakeFiles/Exec.dir/arrow_to_starrocks_converter.cpp.o
[268/1346] Building CXX object src/exec/CMakeFiles/Exec.dir/arrow_to_json_converter.cpp.o
[269/1346] Building CXX object src/exec/CMakeFiles/Exec.dir/arrow_flight_batch_reader.cpp.o
[270/1346] Building CXX object src/exec/CMakeFiles/Exec.dir/schema_scanner.cpp.o
[271/1346] Building CXX object src/exec/CMakeFiles/Exec.dir/iceberg/iceberg_delete_file_iterator.cpp.o
[272/1346] Building CXX object src/exec/CMakeFiles/Exec.dir/table_function_node.cpp.o
[273/1346] Building CXX object src/exec/CMakeFiles/Exec.dir/schema_scan_node.cpp.o
[274/1346] Building CXX object src/exec/CMakeFiles/Exec.dir/union_node.cpp.o
[275/1346] Building CXX object src/exec/CMakeFiles/Exec.dir/paimon/paimon_delete_file_builder.cpp.o
[276/1346] Building CXX object src/exec/CMakeFiles/Exec.dir/project_node.cpp.o
[277/1346] Building CXX object src/exec/CMakeFiles/Exec.dir/intersect_node.cpp.o
[278/1346] Building CXX object src/exec/CMakeFiles/Exec.dir/repeat_node.cpp.o
[279/1346] Building CXX object src/exec/CMakeFiles/Exec.dir/file_scan_node.cpp.o
[280/1346] Building CXX object src/exec/CMakeFiles/Exec.dir/hdfs_scanner/hdfs_scanner_partition.cpp.o
[281/1346] Building CXX object src/exec/CMakeFiles/Exec.dir/chunks_sorter.cpp.o
[282/1346] Building CXX object src/exec/CMakeFiles/Exec.dir/file_scanner/avro_cpp_scanner.cpp.o
[283/1346] Building CXX object src/exec/CMakeFiles/Exec.dir/es/es_predicate.cpp.o
[284/1346] Linking CXX static library ../output/tmp/RELEASE/libFileSystem.a
[285/1346] Building CXX object src/exec/CMakeFiles/Exec.dir/hash_join_components.cpp.o
[286/1346] Building CXX object src/exec/CMakeFiles/Exec.dir/except_node.cpp.o
[287/1346] Building CXX object src/exec/CMakeFiles/Exec.dir/dictionary_cache_writer.cpp.o
[288/1346] Building CXX object src/exec/CMakeFiles/Exec.dir/iceberg/iceberg_delete_builder.cpp.o
[289/1346] Building CXX object src/exec/CMakeFiles/Exec.dir/hdfs_scanner/cache_select_scanner.cpp.o
[290/1346] Building CXX object src/exec/CMakeFiles/Exec.dir/hdfs_scanner/hdfs_scanner_text.cpp.o
[291/1346] Building CXX object src/exec/CMakeFiles/Exec.dir/hdfs_scanner/hdfs_scanner_parquet.cpp.o
[292/1346] Building CXX object src/exec/CMakeFiles/Exec.dir/hdfs_scanner/hdfs_scanner_orc.cpp.o
[293/1346] Building CXX object src/exec/CMakeFiles/Exec.dir/hdfs_scanner/hdfs_scanner.cpp.o
[294/1346] Building CXX object src/exec/CMakeFiles/Exec.dir/hdfs_scanner/jni_scanner.cpp.o
[295/1346] Building CXX object src/exec/CMakeFiles/Exec.dir/file_scanner/csv_scanner.cpp.o
[296/1346] Building CXX object src/exec/CMakeFiles/Exec.dir/file_scanner/file_scanner.cpp.o
[297/1346] Building CXX object src/exec/CMakeFiles/Exec.dir/file_scanner/json_scanner.cpp.o
[298/1346] Building CXX object src/exec/CMakeFiles/Exec.dir/file_scanner/orc_scanner.cpp.o
[299/1346] Building CXX object src/exec/CMakeFiles/Exec.dir/file_scanner/parquet_scanner.cpp.o
[300/1346] Building CXX object src/exec/CMakeFiles/Exec.dir/dict_decode_node.cpp.o
[301/1346] Building CXX object src/exec/CMakeFiles/Exec.dir/file_scanner/avro_scanner.cpp.o
[302/1346] Linking CXX static library ../output/tmp/RELEASE/liborc.a
[303/1346] Building CXX object src/exec/CMakeFiles/Exec.dir/schema_scanner/schema_analyze_status.cpp.o
[304/1346] Building CXX object src/exec/CMakeFiles/Exec.dir/schema_scanner/schema_tables_scanner.cpp.o
[305/1346] Building CXX object src/exec/CMakeFiles/Exec.dir/schema_scanner/schema_dummy_scanner.cpp.o
[306/1346] Building CXX object src/exec/CMakeFiles/Exec.dir/schema_scanner/schema_views_scanner.cpp.o
[307/1346] Building CXX object src/exec/CMakeFiles/Exec.dir/schema_scanner/schema_load_tracking_logs_scanner.cpp.o
[308/1346] Building CXX object src/exec/CMakeFiles/Exec.dir/schema_scanner/schema_triggers_scanner.cpp.o
[309/1346] Building CXX object src/io/CMakeFiles/IO.dir/fd_output_stream.cpp.o
[310/1346] Building CXX object src/exec/CMakeFiles/Exec.dir/schema_scanner/schema_columns_scanner.cpp.o
[311/1346] Building CXX object src/exec/CMakeFiles/Exec.dir/schema_scanner/schema_charsets_scanner.cpp.o
[312/1346] Building CXX object src/exec/CMakeFiles/Exec.dir/schema_scanner/schema_collations_scanner.cpp.o
[313/1346] Building CXX object src/exec/CMakeFiles/Exec.dir/schema_scanner/schema_schema_privileges_scanner.cpp.o
[314/1346] Building CXX object src/exec/CMakeFiles/Exec.dir/schema_scanner/schema_variables_scanner.cpp.o
[315/1346] Building CXX object src/exec/CMakeFiles/Exec.dir/schema_scanner/schema_statistics_scanner.cpp.o
[316/1346] Building CXX object src/exec/CMakeFiles/Exec.dir/schema_scanner/schema_events_scanner.cpp.o
[317/1346] Building CXX object src/exec/CMakeFiles/Exec.dir/schema_scanner/schema_materialized_views_scanner.cpp.o
[318/1346] Building CXX object src/exec/CMakeFiles/Exec.dir/schema_scanner/schema_partitions_meta_scanner.cpp.o
[319/1346] Building CXX object src/exec/CMakeFiles/Exec.dir/schema_scanner/schema_table_privileges_scanner.cpp.o
[320/1346] Building CXX object src/exec/CMakeFiles/Exec.dir/schema_scanner/schema_tasks_scanner.cpp.o
[321/1346] Building CXX object src/exec/CMakeFiles/Exec.dir/schema_scanner/schema_user_privileges_scanner.cpp.o
[322/1346] Linking CXX static library ../output/tmp/RELEASE/libAgent.a
[323/1346] Building CXX object src/exec/CMakeFiles/Exec.dir/schema_scanner/schema_schemata_scanner.cpp.o
[324/1346] Building CXX object src/exec/CMakeFiles/Exec.dir/schema_scanner/schema_loads_scanner.cpp.o
[325/1346] Building CXX object src/exec/CMakeFiles/Exec.dir/schema_scanner/schema_be_metrics_scanner.cpp.o
[326/1346] Building CXX object src/io/CMakeFiles/IO.dir/array_input_stream.cpp.o
[327/1346] Building CXX object src/exec/CMakeFiles/Exec.dir/sorted_streaming_aggregator.cpp.o
[328/1346] Building CXX object src/exec/CMakeFiles/Exec.dir/olap_scan_prepare.cpp.o
[329/1346] Building CXX object src/exec/CMakeFiles/Exec.dir/schema_scanner/schema_column_stats_usage_scanner.cpp.o
[330/1346] Building CXX object src/exec/CMakeFiles/Exec.dir/schema_scanner/schema_task_runs_scanner.cpp.o
[331/1346] Building CXX object src/exec/CMakeFiles/Exec.dir/schema_scanner/schema_tables_config_scanner.cpp.o
[332/1346] Building CXX object src/exec/CMakeFiles/Exec.dir/schema_scanner/schema_be_tablets_scanner.cpp.o
[333/1346] Building CXX object src/io/CMakeFiles/IO.dir/compressed_input_stream.cpp.o
[334/1346] Building CXX object src/exec/CMakeFiles/Exec.dir/schema_scanner/schema_be_configs_scanner.cpp.o
[335/1346] Building CXX object src/exec/CMakeFiles/Exec.dir/schema_scanner/schema_fe_metrics_scanner.cpp.o
[336/1346] Building CXX object src/exec/CMakeFiles/Exec.dir/schema_scanner/schema_be_threads_scanner.cpp.o
[337/1346] Building CXX object src/exec/CMakeFiles/Exec.dir/schema_scanner/schema_be_logs_scanner.cpp.o
[338/1346] Building CXX object src/exec/CMakeFiles/Exec.dir/schema_scanner/schema_fe_tablet_schedules_scanner.cpp.o
[339/1346] Building CXX object src/exec/CMakeFiles/Exec.dir/schema_scanner/schema_be_compactions_scanner.cpp.o
[340/1346] Building CXX object src/exec/CMakeFiles/Exec.dir/schema_scanner/schema_be_bvars_scanner.cpp.o
[341/1346] Building CXX object src/exec/CMakeFiles/Exec.dir/schema_scanner/schema_be_cloud_native_compactions_scanner.cpp.o
[342/1346] Building CXX object src/exec/CMakeFiles/Exec.dir/schema_scanner/schema_pipe_files.cpp.o
[343/1346] Building CXX object src/exec/CMakeFiles/Exec.dir/schema_scanner/schema_recyclebin_catalogs.cpp.o
[344/1346] Building CXX object src/exec/CMakeFiles/Exec.dir/schema_scanner/schema_helper.cpp.o
[345/1346] Building CXX object src/exec/CMakeFiles/Exec.dir/schema_scanner/schema_pipes.cpp.o
[346/1346] Building CXX object src/exec/CMakeFiles/Exec.dir/schema_scanner/schema_temp_tables_scanner.cpp.o
[347/1346] Building CXX object src/exec/CMakeFiles/Exec.dir/schema_scanner/schema_routine_load_jobs_scanner.cpp.o
[348/1346] Building CXX object src/exec/CMakeFiles/Exec.dir/schema_scanner/schema_stream_loads_scanner.cpp.o
[349/1346] Building CXX object src/exec/CMakeFiles/Exec.dir/schema_scanner/sys_fe_locks.cpp.o
[350/1346] Building CXX object src/exec/CMakeFiles/Exec.dir/schema_scanner/starrocks_grants_to_scanner.cpp.o
[351/1346] Building CXX object src/exec/CMakeFiles/Exec.dir/schema_scanner/schema_warehouse_metrics.cpp.o
[352/1346] Building CXX object src/exec/CMakeFiles/Exec.dir/schema_scanner/starrocks_role_edges_scanner.cpp.o
[353/1346] Building CXX object src/exec/CMakeFiles/Exec.dir/schema_scanner/schema_warehouse_queries.cpp.o
[354/1346] Building CXX object src/exec/CMakeFiles/Exec.dir/schema_scanner/schema_be_datacache_metrics_scanner.cpp.o
[355/1346] Building CXX object src/exec/CMakeFiles/Exec.dir/schema_scanner/sys_fe_memory_usage.cpp.o
[356/1346] Building CXX object src/exec/CMakeFiles/Exec.dir/schema_scanner/schema_cluster_snapshots_scanner.cpp.o
[357/1346] Building CXX object src/exec/CMakeFiles/Exec.dir/pipeline/capture_version_operator.cpp.o
[358/1346] Building CXX object src/exec/CMakeFiles/Exec.dir/schema_scanner/schema_cluster_snapshot_jobs_scanner.cpp.o
[359/1346] Building CXX object src/exec/CMakeFiles/Exec.dir/sorting/sort_permute.cpp.o
[360/1346] Building CXX object src/exec/CMakeFiles/Exec.dir/sorting/merge_column.cpp.o
[361/1346] Building CXX object src/exec/CMakeFiles/Exec.dir/schema_scanner/schema_keywords_scanner.cpp.o
[362/1346] Building CXX object src/exec/CMakeFiles/Exec.dir/sorting/merge_path.cpp.o
[363/1346] Building CXX object src/exec/CMakeFiles/Exec.dir/schema_scanner/sys_object_dependencies.cpp.o
[364/1346] Building CXX object src/exec/CMakeFiles/Exec.dir/jdbc_scanner.cpp.o
[365/1346] Building CXX object src/exec/CMakeFiles/Exec.dir/sorting/merge.cpp.o
[366/1346] Building CXX object src/exec/CMakeFiles/Exec.dir/schema_scanner/schema_applicable_roles_scanner.cpp.o
[367/1346] Building CXX object src/exec/CMakeFiles/Exec.dir/schema_scanner/schema_dynamic_tablet_jobs_scanner.cpp.o
[368/1346] Building CXX object src/exec/CMakeFiles/Exec.dir/sorting/merge_cascade.cpp.o
[369/1346] Building CXX object src/exec/CMakeFiles/Exec.dir/sorting/compare_column.cpp.o
[370/1346] Building CXX object src/exec/CMakeFiles/Exec.dir/pipeline/exchange/exchange_merge_sort_source_operator.cpp.o
[371/1346] Building CXX object src/exec/CMakeFiles/Exec.dir/pipeline/exchange/exchange_parallel_merge_source_operator.cpp.o
[372/1346] Building CXX object src/exec/CMakeFiles/Exec.dir/pipeline/exchange/exchange_source_operator.cpp.o
[373/1346] Building CXX object src/exec/CMakeFiles/Exec.dir/pipeline/exchange/exchange_sink_operator.cpp.o
[374/1346] Building CXX object src/exec/CMakeFiles/Exec.dir/connector_scan_node.cpp.o
[375/1346] Linking CXX static library ../output/tmp/RELEASE/libConnector.a
[376/1346] Building CXX object src/exec/CMakeFiles/Exec.dir/agg_runtime_filter_builder.cpp.o
[377/1346] Building CXX object src/exec/CMakeFiles/Exec.dir/sorting/sort_column.cpp.o
[378/1346] Linking CXX static library ../output/tmp/RELEASE/libColumn.a
[379/1346] Building CXX object src/exec/CMakeFiles/Exec.dir/aggregator.cpp.o
[380/1346] Building CXX object src/exec/CMakeFiles/Exec.dir/aggregate/agg_hash_variant.cpp.o
[381/1346] Building CXX object src/exec/CMakeFiles/Exec.dir/pipeline/scan/balanced_chunk_buffer.cpp.o
[382/1346] Building CXX object src/formats/CMakeFiles/Formats.dir/orc/column_reader.cpp.o
FAILED: src/formats/CMakeFiles/Formats.dir/orc/column_reader.cpp.o 
ccache /bin/clang++ -DHAVE_INTTYPES_H -DHAVE_NETINET_IN_H -DWITH_TENANN -I/home/xujia/starrocks/be/src/formats/orc/apache-orc/c++/include -I/home/xujia/starrocks/be/src -I/home/xujia/starrocks/be/test -I/home/xujia/starrocks/be/src/gen_cpp/build -I/var/local/thirdparty/installed/include/breakpad -I/var/local/thirdparty/installed/open_jdk/include -I/var/local/thirdparty/installed/open_jdk/include/linux -isystem /var/local/thirdparty/installed/include -isystem /var/local/thirdparty/installed/starcache/include -isystem /var/local/thirdparty/installed/starlet/third_party/include -isystem /var/local/thirdparty/installed/starlet/starlet_install/include -isystem /var/local/thirdparty/installed/gperftools/include -isystem /var/local/thirdparty/installed/jemalloc/include -isystem /var/local/thirdparty/installed/include/thrift -isystem /var/local/thirdparty/installed/include/event -isystem /var/local/thirdparty/installed/llvm/include -Wall -Wno-sign-compare -Wno-unknown-pragmas -pthread -Wno-register -Wno-strict-aliasing -fno-omit-frame-pointer -std=gnu++20 -D__STDC_FORMAT_MACROS -Wno-deprecated -Wno-vla -Wno-comment -ffile-prefix-map=/home/xujia/starrocks/be/build_Release=. -ffile-prefix-map=/home/xujia/starrocks/be=be -fno-sized-deallocation -Werror -Wno-unused-parameter -Wno-documentation -Wno-weak-vtables -Werror=string-plus-int -Werror=pessimizing-move -Werror=delete-non-virtual-dtor -Wno-reserved-identifier -Wno-suggest-destructor-override -Wno-documentation-unknown-command -Wno-old-style-cast -Wno-c++20-designator -Wno-mismatched-tags -Wno-bitwise-instead-of-logical -Wno-inconsistent-missing-override -Wno-ambiguous-reversed-operator -Wno-unsafe-buffer-usage -Wno-switch-default -DBOOST_DATE_TIME_POSIX_TIME_STD_CONFIG -DBOOST_SYSTEM_NO_DEPRECATED -DBOOST_UUID_RANDOM_PROVIDER_FORCE_POSIX -Werror=return-type -Werror=switch -DUSE_STAROS -DWITH_STARCACHE --gcc-toolchain=/bin/.. -msse4.2 -mpclmul -mavx2 -mbmi2  -Wno-attributes -DS2_USE_GFLAGS -DS2_USE_GLOG -faligned-new  -DSTARROCKS_JIT_ENABLE -g -Wno-unused-local-typedefs -O3 -gdwarf-4 -DNDEBUG -O3 -DNDEBUG -MD -MT src/formats/CMakeFiles/Formats.dir/orc/column_reader.cpp.o -MF src/formats/CMakeFiles/Formats.dir/orc/column_reader.cpp.o.d -o src/formats/CMakeFiles/Formats.dir/orc/column_reader.cpp.o -c /home/xujia/starrocks/be/src/formats/orc/column_reader.cpp
/home/xujia/starrocks/be/src/formats/orc/column_reader.cpp:958:64: error: non-const lvalue reference to type 'MutableColumnPtr' (aka 'MutPtr<starrocks::Column>') cannot bind to a value of unrelated type 'value_type' (aka 'starrocks::Column *')
  958 |         RETURN_IF_ERROR(_child_readers[i]->get_next(field_cvb, field_columns[i], from, size));
      |                                                                ^~~~~~~~~~~~~~~~
/home/xujia/starrocks/be/src/common/status.h:428:56: note: expanded from macro 'RETURN_IF_ERROR'
  428 | #define RETURN_IF_ERROR(stmt) RETURN_IF_ERROR_INTERNAL(stmt)
      |                                                        ^~~~
/home/xujia/starrocks/be/src/common/status.h:345:28: note: expanded from macro 'RETURN_IF_ERROR_INTERNAL'
  345 |         auto&& status__ = (stmt);                                                                     \
      |                            ^~~~
/home/xujia/starrocks/be/src/formats/orc/column_reader.h:73:76: note: passing argument to parameter 'col' here
   73 |     virtual Status get_next(orc::ColumnVectorBatch* cvb, MutableColumnPtr& col, size_t from, size_t size) = 0;
      |                                                                            ^
1 error generated.
[383/1346] Building CXX object src/exec/CMakeFiles/Exec.dir/pipeline/set/except_probe_sink_operator.cpp.o
[384/1346] Building CXX object src/exec/CMakeFiles/Exec.dir/pipeline/dict_decode_operator.cpp.o
[385/1346] Building CXX object src/exec/CMakeFiles/Exec.dir/pipeline/project_operator.cpp.o
[386/1346] Building CXX object src/exec/CMakeFiles/Exec.dir/pipeline/exchange/multi_cast_local_exchange_sink_operator.cpp.o
[387/1346] Building CXX object src/exec/CMakeFiles/Exec.dir/pipeline/exchange/multi_cast_local_exchange.cpp.o
[388/1346] Building CXX object src/exec/CMakeFiles/Exec.dir/pipeline/exchange/split_local_exchange.cpp.o
[389/1346] Building CXX object src/exec/CMakeFiles/Exec.dir/pipeline/exchange/local_exchange_sink_operator.cpp.o
[390/1346] Building CXX object src/exec/CMakeFiles/Exec.dir/chunks_sorter_heap_sort.cpp.o
FAILED: src/exec/CMakeFiles/Exec.dir/chunks_sorter_heap_sort.cpp.o 
ccache /bin/clang++ -DHAVE_INTTYPES_H -DHAVE_NETINET_IN_H -DWITH_TENANN -I/home/xujia/starrocks/be/src/formats/orc/apache-orc/c++/include -I/home/xujia/starrocks/be/src -I/home/xujia/starrocks/be/test -I/home/xujia/starrocks/be/src/gen_cpp/build -I/var/local/thirdparty/installed/include/breakpad -I/var/local/thirdparty/installed/open_jdk/include -I/var/local/thirdparty/installed/open_jdk/include/linux -isystem /var/local/thirdparty/installed/include -isystem /var/local/thirdparty/installed/starcache/include -isystem /var/local/thirdparty/installed/starlet/third_party/include -isystem /var/local/thirdparty/installed/starlet/starlet_install/include -isystem /var/local/thirdparty/installed/gperftools/include -isystem /var/local/thirdparty/installed/jemalloc/include -isystem /var/local/thirdparty/installed/include/thrift -isystem /var/local/thirdparty/installed/include/event -isystem /var/local/thirdparty/installed/llvm/include -Wall -Wno-sign-compare -Wno-unknown-pragmas -pthread -Wno-register -Wno-strict-aliasing -fno-omit-frame-pointer -std=gnu++20 -D__STDC_FORMAT_MACROS -Wno-deprecated -Wno-vla -Wno-comment -ffile-prefix-map=/home/xujia/starrocks/be/build_Release=. -ffile-prefix-map=/home/xujia/starrocks/be=be -fno-sized-deallocation -Werror -Wno-unused-parameter -Wno-documentation -Wno-weak-vtables -Werror=string-plus-int -Werror=pessimizing-move -Werror=delete-non-virtual-dtor -Wno-reserved-identifier -Wno-suggest-destructor-override -Wno-documentation-unknown-command -Wno-old-style-cast -Wno-c++20-designator -Wno-mismatched-tags -Wno-bitwise-instead-of-logical -Wno-inconsistent-missing-override -Wno-ambiguous-reversed-operator -Wno-unsafe-buffer-usage -Wno-switch-default -DBOOST_DATE_TIME_POSIX_TIME_STD_CONFIG -DBOOST_SYSTEM_NO_DEPRECATED -DBOOST_UUID_RANDOM_PROVIDER_FORCE_POSIX -Werror=return-type -Werror=switch -DUSE_STAROS -DWITH_STARCACHE --gcc-toolchain=/bin/.. -msse4.2 -mpclmul -mavx2 -mbmi2  -Wno-attributes -DS2_USE_GFLAGS -DS2_USE_GLOG -faligned-new  -DSTARROCKS_JIT_ENABLE -g -Wno-unused-local-typedefs -O3 -gdwarf-4 -DNDEBUG -O3 -DNDEBUG -MD -MT src/exec/CMakeFiles/Exec.dir/chunks_sorter_heap_sort.cpp.o -MF src/exec/CMakeFiles/Exec.dir/chunks_sorter_heap_sort.cpp.o.d -o src/exec/CMakeFiles/Exec.dir/chunks_sorter_heap_sort.cpp.o -c /home/xujia/starrocks/be/src/exec/chunks_sorter_heap_sort.cpp
In file included from /home/xujia/starrocks/be/src/exec/chunks_sorter_heap_sort.cpp:15:
In file included from /home/xujia/starrocks/be/src/exec/chunks_sorter_heap_sort.h:22:
In file included from /home/xujia/starrocks/be/src/column/chunk.h:22:
In file included from /home/xujia/starrocks/be/src/column/column.h:25:
In file included from /home/xujia/starrocks/be/src/common/cow.h:22:
/home/xujia/starrocks/be/src/gutil/casts.h:80:12: error: static_cast from 'const starrocks::Column *' to 'starrocks::NullableColumn *' casts away qualifiers
   80 |     return static_cast<To>(f);
      |            ^~~~~~~~~~~~~~~~~~
/home/xujia/starrocks/be/src/exec/chunks_sorter_heap_sort.cpp:221:48: note: in instantiation of function template specialization 'down_cast<starrocks::NullableColumn *, const starrocks::Column>' requested here
  221 |                                                down_cast<NullableColumn*>(top_cursor_column.get())->data_column())
      |                                                ^
/home/xujia/starrocks/be/src/exec/chunks_sorter_heap_sort.cpp:75:43: note: in instantiation of function template specialization 'starrocks::ChunksSorterHeapSort::_do_filter_data_for_type<starrocks::TYPE_TINYINT>' requested here
   75 |                 APPLY_FOR_ALL_SCALAR_TYPE(M)
      |                                           ^
1 error generated.
[391/1346] Building CXX object src/exec/CMakeFiles/Exec.dir/pipeline/exchange/multi_cast_local_exchange_source_operator.cpp.o
[392/1346] Building CXX object src/exec/CMakeFiles/Exec.dir/pipeline/exchange/sink_buffer.cpp.o
[393/1346] Building CXX object src/exec/CMakeFiles/Exec.dir/pipeline/source_operator.cpp.o
[394/1346] Building CXX object src/exec/CMakeFiles/Exec.dir/pipeline/exchange/local_exchange_source_operator.cpp.o
[395/1346] Building CXX object src/exec/CMakeFiles/Exec.dir/pipeline/scan/olap_scan_prepare_operator.cpp.o
[396/1346] Building CXX object src/exec/CMakeFiles/Exec.dir/pipeline/limit_operator.cpp.o
[397/1346] Building CXX object src/exec/CMakeFiles/Exec.dir/pipeline/result_sink_operator.cpp.o
[398/1346] Building CXX object src/exec/CMakeFiles/Exec.dir/pipeline/exchange/spillable_multi_cast_local_exchange.cpp.o
[399/1346] Building CXX object src/exec/CMakeFiles/Exec.dir/pipeline/operator.cpp.o
[400/1346] Building CXX object src/exec/CMakeFiles/Exec.dir/pipeline/scan/morsel.cpp.o
[401/1346] Building CXX object src/exec/CMakeFiles/Exec.dir/pipeline/scan/chunk_source.cpp.o
[402/1346] Building CXX object src/exec/CMakeFiles/Exec.dir/pipeline/exchange/mem_limited_chunk_queue.cpp.o
[403/1346] Building CXX object src/exec/CMakeFiles/Exec.dir/pipeline/olap_table_sink_operator.cpp.o
[404/1346] Building CXX object src/exec/CMakeFiles/Exec.dir/pipeline/exchange/local_exchange.cpp.o
[405/1346] Building CXX object src/exec/CMakeFiles/Exec.dir/pipeline/scan/olap_scan_context.cpp.o
[406/1346] Building CXX object src/exec/CMakeFiles/Exec.dir/pipeline/scan/olap_scan_operator.cpp.o
[407/1346] Building CXX object src/exec/CMakeFiles/Exec.dir/pipeline/pipeline_builder.cpp.o
[408/1346] Building CXX object src/exec/CMakeFiles/Exec.dir/pipeline/scan/connector_scan_operator.cpp.o
[409/1346] Building CXX object src/exec/CMakeFiles/Exec.dir/stream/scan/stream_scan_operator.cpp.o
[410/1346] Building CXX object src/exec/CMakeFiles/Exec.dir/pipeline/scan/olap_chunk_source.cpp.o
[411/1346] Building CXX object src/exec/CMakeFiles/Exec.dir/pipeline/scan/scan_operator.cpp.o
[412/1346] Building CXX object src/exec/CMakeFiles/Exec.dir/pipeline/fragment_executor.cpp.o
[413/1346] Building CXX object src/exec/CMakeFiles/Exec.dir/join/join_hash_map.cpp.o
ninja: build stopped: subcommand failed.

real	3m33.368s
user	17m34.841s
sys	1m12.342s
Found python3, version: Python 3.10.12
[1mApache Maven 3.6.3[m
Maven home: /usr/share/maven
Java version: 17.0.15, vendor: Ubuntu, runtime: /usr/lib/jvm/java-17-openjdk-amd64
Default locale: en, platform encoding: UTF-8
OS name: "linux", version: "5.15.0-46-generic", arch: "amd64", family: "unix"
1.10.1
Get params:
    BUILD_BE                    -- 1
    BUILD_FORMAT_LIB            -- 0
    BE_CMAKE_TYPE               -- Release
    BUILD_FE                    -- 0
    BUILD_SPARK_DPP             -- 0
    BUILD_HIVE_UDF              -- 0
    CCACHE                      -- ccache
    CLEAN                       -- 0
    WITH_GCOV                   -- OFF
    WITH_BENCH                  -- OFF
    WITH_CLANG_TIDY             -- OFF
    WITH_COMPRESS_DEBUG_SYMBOL  -- OFF
    WITH_STARCACHE              -- ON
    ENABLE_SHARED_DATA          -- ON
    USE_AVX2                    -- ON
    USE_AVX512                  -- OFF
    USE_SSE4_2                  -- ON
    USE_BMI_2                   -- ON
    PARALLEL                    -- 32
    ENABLE_QUERY_DEBUG_TRACE    -- OFF
    ENABLE_FAULT_INJECTION      -- OFF
    BUILD_JAVA_EXT              -- OFF
    OUTPUT_COMPILE_TIME         -- OFF
    WITH_TENANN                 -- ON
    WITH_RELATIVE_SRC_PATH      -- ON
    WITH_MAVEN_BATCH_MODE       -- ON
    DISABLE_JAVA_CHECK_STYLE    -- OFF

Build generated code
make -C script
make[1]: Entering directory '/home/xujia/starrocks/gensrc/script'
python3 /home/xujia/starrocks/gensrc/script/../../build-support/gen_build_version.py --cpp /home/xujia/starrocks/gensrc/script/../build//gen_cpp
gen_build_version.py /home/xujia/starrocks/gensrc/script/../build//gen_cpp/version.cpp: old fingerprint = 897c57eed64fa7a720d7fb7206c8cbae, new fingerprint = 897c57eed64fa7a720d7fb7206c8cbae
make[1]: Leaving directory '/home/xujia/starrocks/gensrc/script'
make -C proto
make[1]: Entering directory '/home/xujia/starrocks/gensrc/proto'
make[1]: Nothing to be done for 'all'.
make[1]: Leaving directory '/home/xujia/starrocks/gensrc/proto'
make -C thrift
make[1]: Entering directory '/home/xujia/starrocks/gensrc/thrift'
make[1]: Nothing to be done for 'all'.
make[1]: Leaving directory '/home/xujia/starrocks/gensrc/thrift'
cmake version 3.22.1

CMake suite maintained and supported by Kitware (kitware.com/cmake).
Build Backend: Release
-- Build type is RELEASE
-- Build target arch is x86_64
-- make test: OFF
-- WITH TENANN is: ON
-- build gensrc if necessary
make: Entering directory '/home/xujia/starrocks/gensrc'
make -C script
make[1]: Entering directory '/home/xujia/starrocks/gensrc/script'
python3 /home/xujia/starrocks/gensrc/script/../../build-support/gen_build_version.py --cpp /home/xujia/starrocks/gensrc/script/../build//gen_cpp
gen_build_version.py /home/xujia/starrocks/gensrc/script/../build//gen_cpp/version.cpp: old fingerprint = 897c57eed64fa7a720d7fb7206c8cbae, new fingerprint = 897c57eed64fa7a720d7fb7206c8cbae
make[1]: Leaving directory '/home/xujia/starrocks/gensrc/script'
make -C proto
make[1]: Entering directory '/home/xujia/starrocks/gensrc/proto'
make[1]: Nothing to be done for 'all'.
make[1]: Leaving directory '/home/xujia/starrocks/gensrc/proto'
make -C thrift
make[1]: Entering directory '/home/xujia/starrocks/gensrc/thrift'
make[1]: Nothing to be done for 'all'.
make[1]: Leaving directory '/home/xujia/starrocks/gensrc/thrift'
make: Leaving directory '/home/xujia/starrocks/gensrc'
-- /var/local/thirdparty/installed/lib/libboost_thread.a/var/local/thirdparty/installed/lib/libboost_regex.a/var/local/thirdparty/installed/lib/libboost_program_options.a/var/local/thirdparty/installed/lib/libboost_filesystem.a/var/local/thirdparty/installed/lib/libboost_context.a/var/local/thirdparty/installed/lib/libboost_iostreams.a/var/local/thirdparty/installed/lib/libboost_chrono.a/var/local/thirdparty/installed/lib/libboost_atomic.a
-- Using OpenSSL Root Dir: /var/local/thirdparty/installed/
-- Found AWS SDK for C++, Version: 1.11.267, Install Root:/var/local/thirdparty/installed, Platform Prefix:, Platform Dependent Libraries: pthread;crypto;ssl;z;curl
-- Components specified for AWSSDK: core;s3;s3-crt;transfer;identity-management;sts, application will be depending on libs: aws-cpp-sdk-s3-crt;aws-cpp-sdk-transfer;aws-cpp-sdk-identity-management;aws-cpp-sdk-cognito-identity;aws-cpp-sdk-sts;aws-cpp-sdk-s3;aws-cpp-sdk-core;aws-crt-cpp;aws-c-auth;aws-c-cal;aws-c-common;aws-c-compression;aws-c-event-stream;aws-c-http;aws-c-io;aws-c-mqtt;aws-c-s3;aws-checksums;aws-c-sdkutils;pthread;crypto;ssl;z;curl
-- Try finding aws-cpp-sdk-core
-- S2N found target: crypto
-- crypto Include Dir: crypto_INCLUDE_DIR-NOTFOUND
-- S2N found target: crypto
-- crypto Include Dir: crypto_INCLUDE_DIR-NOTFOUND
-- S2N found target: crypto
-- crypto Include Dir: crypto_INCLUDE_DIR-NOTFOUND
-- S2N found target: crypto
-- crypto Include Dir: crypto_INCLUDE_DIR-NOTFOUND
-- S2N found target: crypto
-- crypto Include Dir: crypto_INCLUDE_DIR-NOTFOUND
-- S2N found target: crypto
-- crypto Include Dir: crypto_INCLUDE_DIR-NOTFOUND
-- S2N found target: crypto
-- crypto Include Dir: crypto_INCLUDE_DIR-NOTFOUND
-- S2N found target: crypto
-- crypto Include Dir: crypto_INCLUDE_DIR-NOTFOUND
-- Found aws-cpp-sdk-core
-- Try finding aws-cpp-sdk-s3
-- Found aws-cpp-sdk-s3
-- Try finding aws-cpp-sdk-sts
-- Found aws-cpp-sdk-sts
-- Try finding aws-cpp-sdk-cognito-identity
-- Found aws-cpp-sdk-cognito-identity
-- Try finding aws-cpp-sdk-identity-management
-- Found aws-cpp-sdk-identity-management
-- Try finding aws-cpp-sdk-transfer
-- Found aws-cpp-sdk-transfer
-- Try finding aws-cpp-sdk-s3-crt
-- Found aws-cpp-sdk-s3-crt
-- Found OpenSSL: /var/local/thirdparty/installed/lib/libcrypto.a (found version "1.1.1m") found components: Crypto 
-- Found OpenSSL: /var/local/thirdparty/installed/lib/libcrypto.a (found version "1.1.1m") found components: SSL 
-- Could NOT find ZLIB (missing: ZLIB_LIBRARY ZLIB_INCLUDE_DIR) 
-- Could NOT find Protobuf (missing: Protobuf_INCLUDE_DIR) 
-- Found RE2 via CMake.
-- Using gRPC 1.43.0
-- link the starcache in directory: /var/local/thirdparty/installed//starcache
-- Searching starlet related libraries from /var/local/thirdparty/installed/starlet ...
-- Using prometheus-cpp
--   include: /var/local/thirdparty/installed/starlet/third_party/include
-- Found OpenSSL: /var/local/thirdparty/installed/lib/libcrypto.a (found version "1.1.1m")  
-- Using starlet 0.0.1
-- starlet inc dir: /var/local/thirdparty/installed/starlet/starlet_install/include
-- starlet lib dir: /var/local/thirdparty/installed/starlet/starlet_install/lib
-- Enable JIT
-- Compiler Flags:   -Wall -Wno-sign-compare -Wno-unknown-pragmas -pthread -Wno-register -Wno-strict-aliasing -fno-omit-frame-pointer -std=gnu++20 -D__STDC_FORMAT_MACROS -Wno-deprecated -Wno-vla -Wno-comment -ffile-prefix-map=/home/xujia/starrocks/be/build_Release=. -ffile-prefix-map=/home/xujia/starrocks/be=be -fno-sized-deallocation -Werror -Wno-unused-parameter -Wno-documentation -Wno-weak-vtables -Werror=string-plus-int -Werror=pessimizing-move -Werror=delete-non-virtual-dtor -Wno-reserved-identifier -Wno-suggest-destructor-override -Wno-documentation-unknown-command -Wno-old-style-cast -Wno-c++20-designator -Wno-mismatched-tags -Wno-bitwise-instead-of-logical -Wno-inconsistent-missing-override -Wno-ambiguous-reversed-operator -Wno-unsafe-buffer-usage -Wno-switch-default -DBOOST_DATE_TIME_POSIX_TIME_STD_CONFIG -DBOOST_SYSTEM_NO_DEPRECATED -DBOOST_UUID_RANDOM_PROVIDER_FORCE_POSIX -Werror=return-type -Werror=switch -DUSE_STAROS -DWITH_STARCACHE --gcc-toolchain=/bin/.. -msse4.2 -mpclmul -mavx2 -mbmi2  -Wno-attributes -DS2_USE_GFLAGS -DS2_USE_GLOG -faligned-new  -DSTARROCKS_JIT_ENABLE -g -Wno-unused-local-typedefs -O3 -gdwarf-4 -DNDEBUG
use jemalloc
GLIBC version: 2.35
using linker: lld
++++ <STARROCKS_HOME> is set. formats/orc/apache-orc is compiled in StarRocks env ++++
-- Build type: RELEASE
-- compiler Clang version 19.1.7
-- SNAPPY_HOME: /var/local/thirdparty/installed
-- Found the Snappy header: /var/local/thirdparty/installed/include/snappy.h
-- Found the Snappy library: /var/local/thirdparty/installed/lib/libsnappy.a
-- ZLIB_HOME: /var/local/thirdparty/installed
-- Found the ZLIB header: /var/local/thirdparty/installed//include/zlib.h
-- Found the ZLIB library: /var/local/thirdparty/installed//lib/libz.a
-- Found the ZLIB static library: /var/local/thirdparty/installed/lib/libz.a
-- ZSTD_HOME: /var/local/thirdparty/installed
-- Found the zstd header: /var/local/thirdparty/installed/include/zstd/zstd.h
-- Found the zstd library: /var/local/thirdparty/installed/lib
-- LZ4_HOME: /var/local/thirdparty/installed
-- Found the LZ4 header: /var/local/thirdparty/installed/include/lz4/lz4.h
-- Found the LZ4 library: /var/local/thirdparty/installed/lib
-- PROTOBUF_HOME: /var/local/thirdparty/installed
-- Found the Protobuf headers: /var/local/thirdparty/installed/include
-- Found the Protobuf library: /var/local/thirdparty/installed/lib/libprotobuf.a
-- Found the Protoc library: /var/local/thirdparty/installed/lib/libprotoc.a
-- Found the Protoc executable: /var/local/thirdparty/installed/bin/protoc
-- Found the Protobuf static library: /var/local/thirdparty/installed/lib/libprotobuf.a
-- Found the Protoc static library: /var/local/thirdparty/installed/lib/libprotoc.a
-- Configuring done
-- Generating done
-- Build files have been written to: /home/xujia/starrocks/be/build_Release
[1/1346] Building CXX object src/common/CMakeFiles/Common.dir/process_exit.cpp.o
[2/1346] Building CXX object src/common/CMakeFiles/Common.dir/prof/heap_prof.cpp.o
[3/1346] Building CXX object src/common/CMakeFiles/Common.dir/minidump.cpp.o
[4/1346] Building CXX object src/common/CMakeFiles/Common.dir/tracer.cpp.o
[5/1346] Building CXX object src/common/CMakeFiles/Common.dir/statusor.cpp.o
[6/1346] Building CXX object src/agent/CMakeFiles/Agent.dir/task_signatures_manager.cpp.o
[7/1346] Building CXX object src/agent/CMakeFiles/Agent.dir/master_info.cpp.o
[8/1346] Building CXX object src/common/CMakeFiles/Common.dir/s3_uri.cpp.o
[9/1346] Building CXX object src/connector/CMakeFiles/Connector.dir/es_connector.cpp.o
[10/1346] Building CXX object src/agent/CMakeFiles/Agent.dir/utils.cpp.o
[11/1346] Building CXX object src/common/CMakeFiles/Common.dir/greplog.cpp.o
[12/1346] Building CXX object src/common/CMakeFiles/Common.dir/status.cpp.o
[13/1346] Building CXX object src/connector/CMakeFiles/Connector.dir/mysql_connector.cpp.o
[14/1346] Building CXX object src/connector/CMakeFiles/Connector.dir/file_chunk_sink.cpp.o
[15/1346] Building CXX object src/formats/CMakeFiles/Formats.dir/csv/decimalv2_converter.cpp.o
[16/1346] Building CXX object src/connector/CMakeFiles/Connector.dir/deletion_vector/deletion_bitmap.cpp.o
[17/1346] Building CXX object src/agent/CMakeFiles/Agent.dir/report_task.cpp.o
[18/1346] Building CXX object src/agent/CMakeFiles/Agent.dir/finish_task.cpp.o
[19/1346] Building CXX object src/column/CMakeFiles/Column.dir/column.cpp.o
[20/1346] Building CXX object src/connector/CMakeFiles/Connector.dir/connector_sink_executor.cpp.o
[21/1346] Building CXX object src/connector/CMakeFiles/Connector.dir/async_flush_stream_poller.cpp.o
[22/1346] Building CXX object src/column/CMakeFiles/Column.dir/chunk_extra_data.cpp.o
[23/1346] Building CXX object src/connector/CMakeFiles/Connector.dir/sink_memory_manager.cpp.o
[24/1346] Building CXX object src/connector/CMakeFiles/Connector.dir/connector_chunk_sink.cpp.o
[25/1346] Building CXX object src/connector/CMakeFiles/Connector.dir/hive_chunk_sink.cpp.o
[26/1346] Building CXX object src/connector/CMakeFiles/Connector.dir/iceberg_chunk_sink.cpp.o
[27/1346] Building CXX object src/connector/CMakeFiles/Connector.dir/iceberg_connector.cpp.o
[28/1346] Building CXX object src/agent/CMakeFiles/Agent.dir/resource_group_usage_recorder.cpp.o
[29/1346] Building CXX object src/column/CMakeFiles/Column.dir/datum.cpp.o
[30/1346] Building CXX object src/common/CMakeFiles/Common.dir/logconfig.cpp.o
[31/1346] Building CXX object src/connector/CMakeFiles/Connector.dir/deletion_vector/deletion_vector.cpp.o
[32/1346] Building CXX object src/column/CMakeFiles/Column.dir/adaptive_nullable_column.cpp.o
[33/1346] Building CXX object src/agent/CMakeFiles/Agent.dir/heartbeat_server.cpp.o
[34/1346] Building CXX object src/common/CMakeFiles/Common.dir/configbase.cpp.o
[35/1346] Building CXX object src/column/CMakeFiles/Column.dir/datum_tuple.cpp.o
[36/1346] Building CXX object src/column/CMakeFiles/Column.dir/datum_convert.cpp.o
[37/1346] Building CXX object src/column/CMakeFiles/Column.dir/column_visitor_mutable.cpp.o
[38/1346] Building CXX object src/column/CMakeFiles/Column.dir/column_visitor.cpp.o
[39/1346] Building CXX object src/column/CMakeFiles/Column.dir/const_column.cpp.o
[40/1346] Building CXX object src/column/CMakeFiles/Column.dir/field.cpp.o
[41/1346] Building CXX object src/connector/CMakeFiles/Connector.dir/jdbc_connector.cpp.o
[42/1346] Building CXX object src/connector/CMakeFiles/Connector.dir/connector.cpp.o
[43/1346] Building CXX object src/common/CMakeFiles/Common.dir/daemon.cpp.o
[44/1346] Building CXX object src/connector/CMakeFiles/Connector.dir/file_connector.cpp.o
[45/1346] Building CXX object src/connector/CMakeFiles/Connector.dir/utils.cpp.o
[46/1346] Building CXX object src/column/CMakeFiles/Column.dir/chunk.cpp.o
[47/1346] Building CXX object src/agent/CMakeFiles/Agent.dir/publish_version.cpp.o
[48/1346] Building CXX object src/column/CMakeFiles/Column.dir/german_string.cpp.o
[49/1346] Building CXX object src/formats/CMakeFiles/Formats.dir/csv/array_reader.cpp.o
[50/1346] Building CXX object src/column/CMakeFiles/Column.dir/column_access_path.cpp.o
[51/1346] Building CXX object src/column/CMakeFiles/Column.dir/stream_chunk.cpp.o
[52/1346] Building CXX object src/formats/CMakeFiles/Formats.dir/csv/array_converter.cpp.o
[53/1346] Building CXX object src/column/CMakeFiles/Column.dir/array_view_column.cpp.o
[54/1346] Building CXX object src/column/CMakeFiles/Column.dir/array_column.cpp.o
[55/1346] Building CXX object src/connector/CMakeFiles/Connector.dir/partition_chunk_writer.cpp.o
[56/1346] Building CXX object src/formats/CMakeFiles/Formats.dir/csv/boolean_converter.cpp.o
[57/1346] Building CXX object src/column/CMakeFiles/Column.dir/variant_column.cpp.o
[58/1346] Building CXX object src/formats/CMakeFiles/Formats.dir/csv/datetime_converter.cpp.o
[59/1346] Building CXX object src/connector/CMakeFiles/Connector.dir/hive_connector.cpp.o
[60/1346] Building CXX object src/column/CMakeFiles/Column.dir/nullable_column.cpp.o
[61/1346] Building CXX object src/formats/CMakeFiles/Formats.dir/csv/date_converter.cpp.o
[62/1346] Building CXX object src/agent/CMakeFiles/Agent.dir/agent_task.cpp.o
[63/1346] Building CXX object src/formats/CMakeFiles/Formats.dir/csv/csv_reader.cpp.o
[64/1346] Building CXX object src/formats/CMakeFiles/Formats.dir/csv/converter.cpp.o
[65/1346] Building CXX object src/column/CMakeFiles/Column.dir/schema.cpp.o
[66/1346] Building CXX object src/formats/CMakeFiles/Formats.dir/csv/default_value_converter.cpp.o
[67/1346] Building CXX object src/formats/CMakeFiles/Formats.dir/csv/map_converter.cpp.o
[68/1346] Building CXX object src/formats/CMakeFiles/Formats.dir/csv/float_converter.cpp.o
[69/1346] Building CXX object src/column/CMakeFiles/Column.dir/column_view/column_view_helper.cpp.o
[70/1346] Building CXX object src/column/CMakeFiles/Column.dir/column_view/column_view_base.cpp.o
[71/1346] Building CXX object src/formats/CMakeFiles/Formats.dir/csv/json_converter.cpp.o
[72/1346] Building CXX object src/formats/CMakeFiles/Formats.dir/csv/nullable_converter.cpp.o
[73/1346] Building CXX object src/connector/CMakeFiles/Connector.dir/binlog_connector.cpp.o
[74/1346] Building CXX object src/column/CMakeFiles/Column.dir/json_column.cpp.o
[75/1346] Building CXX object src/formats/CMakeFiles/Formats.dir/csv/varbinary_converter.cpp.o
[76/1346] Building CXX object src/formats/CMakeFiles/Formats.dir/csv/numeric_converter.cpp.o
[77/1346] Building CXX object src/formats/CMakeFiles/Formats.dir/csv/string_converter.cpp.o
[78/1346] Building CXX object src/agent/CMakeFiles/Agent.dir/task_worker_pool.cpp.o
[79/1346] Building CXX object src/formats/CMakeFiles/Formats.dir/json/binary_column.cpp.o
[80/1346] Building CXX object src/formats/CMakeFiles/Formats.dir/json/struct_column.cpp.o
[81/1346] Building CXX object src/formats/CMakeFiles/Formats.dir/json/map_column.cpp.o
[82/1346] Building CXX object src/formats/CMakeFiles/Formats.dir/json/nullable_column.cpp.o
[83/1346] Building CXX object src/formats/CMakeFiles/Formats.dir/avro/cpp/avro_schema_builder.cpp.o
[84/1346] Building CXX object src/formats/CMakeFiles/Formats.dir/csv/decimalv3_converter.cpp.o
[85/1346] Building CXX object src/formats/CMakeFiles/Formats.dir/avro/nullable_column.cpp.o
[86/1346] Building CXX object src/formats/CMakeFiles/Formats.dir/csv/csv_file_writer.cpp.o
[87/1346] Building CXX object src/column/CMakeFiles/Column.dir/binary_column.cpp.o
[88/1346] Building CXX object src/formats/CMakeFiles/Formats.dir/orc/orc_memory_pool.cpp.o
[89/1346] Building CXX object src/column/CMakeFiles/Column.dir/decimalv3_column.cpp.o
[90/1346] Building CXX object src/formats/CMakeFiles/Formats.dir/avro/cpp/binary_column_reader.cpp.o
[91/1346] Building CXX object src/formats/CMakeFiles/Formats.dir/avro/cpp/column_reader.cpp.o
[92/1346] Building CXX object src/formats/CMakeFiles/Formats.dir/avro/cpp/date_column_reader.cpp.o
[93/1346] Building CXX object src/formats/CMakeFiles/Formats.dir/avro/cpp/nullable_column_reader.cpp.o
[94/1346] Building CXX object src/formats/CMakeFiles/Formats.dir/orc/memory_stream/MemoryInputStream.cc.o
[95/1346] Building CXX object src/formats/CMakeFiles/Formats.dir/avro/cpp/complex_column_reader.cpp.o
[96/1346] Building CXX object src/formats/CMakeFiles/Formats.dir/orc/memory_stream/MemoryOutputStream.cc.o
[97/1346] Building CXX object src/column/CMakeFiles/Column.dir/object_column.cpp.o
[98/1346] Building CXX object src/column/CMakeFiles/Column.dir/struct_column.cpp.o
[99/1346] Building CXX object src/formats/CMakeFiles/Formats.dir/avro/numeric_column.cpp.o
[100/1346] Building CXX object src/formats/CMakeFiles/Formats.dir/parquet/arrow_memory_pool.cpp.o
[101/1346] Building CXX object src/formats/CMakeFiles/Formats.dir/avro/binary_column.cpp.o
[102/1346] Building CXX object src/formats/CMakeFiles/Formats.dir/avro/cpp/avro_reader.cpp.o
[103/1346] Building CXX object src/formats/CMakeFiles/Formats.dir/avro/cpp/utils.cpp.o
[104/1346] Building CXX object src/formats/CMakeFiles/Formats.dir/orc/utils.cpp.o
[105/1346] Building CXX object src/formats/CMakeFiles/Formats.dir/orc/orc_mapping.cpp.o
[106/1346] Building CXX object src/formats/CMakeFiles/Formats.dir/orc/orc_schema_builder.cpp.o
[107/1346] Building CXX object src/formats/CMakeFiles/Formats.dir/parquet/level_codec.cpp.o
[108/1346] Building CXX object src/formats/CMakeFiles/Formats.dir/json/numeric_column.cpp.o
[109/1346] Building CXX object src/formats/CMakeFiles/Formats.dir/parquet/utils.cpp.o
[110/1346] Building CXX object src/formats/CMakeFiles/Formats.dir/orc/orc_min_max_decoder.cpp.o
[111/1346] Building CXX object src/connector/CMakeFiles/Connector.dir/lake_connector.cpp.o
[112/1346] Building CXX object src/formats/CMakeFiles/Formats.dir/orc/orc_input_stream.cpp.o
[113/1346] Building CXX object src/formats/CMakeFiles/Formats.dir/avro/cpp/numeric_column_reader.cpp.o
[114/1346] Building CXX object src/column/CMakeFiles/Column.dir/map_column.cpp.o
[115/1346] Building CXX object src/formats/CMakeFiles/Formats.dir/parquet/column_read_order_ctx.cpp.o
[116/1346] Building CXX object src/formats/CMakeFiles/Formats.dir/parquet/parquet_block_split_bloom_filter.cpp.o
[117/1346] Building CXX object src/formats/CMakeFiles/Formats.dir/parquet/stored_column_reader_with_index.cpp.o
[118/1346] Building CXX object src/formats/CMakeFiles/Formats.dir/parquet/column_chunk_reader.cpp.o
[119/1346] Building CXX object src/formats/CMakeFiles/Formats.dir/parquet/schema.cpp.o
[120/1346] Building CXX object src/formats/CMakeFiles/Formats.dir/parquet/column_chunk_writer.cpp.o
[121/1346] Building CXX object src/formats/orc/apache-orc/c++/src/CMakeFiles/orc.dir/io/InputStream.cc.o
[122/1346] Building CXX object src/formats/CMakeFiles/Formats.dir/parquet/chunk_writer.cpp.o
[123/1346] Building CXX object src/formats/CMakeFiles/Formats.dir/orc/orc_file_writer.cpp.o
[124/1346] Building CXX object src/formats/orc/apache-orc/c++/src/CMakeFiles/orc.dir/io/OutputStream.cc.o
[125/1346] Building CXX object src/formats/CMakeFiles/Formats.dir/parquet/metadata.cpp.o
[126/1346] Building CXX object src/formats/orc/apache-orc/c++/src/CMakeFiles/orc.dir/sargs/ExpressionTree.cc.o
[127/1346] Building CXX object src/formats/orc/apache-orc/c++/src/CMakeFiles/orc.dir/sargs/Literal.cc.o
[128/1346] Building CXX object src/formats/CMakeFiles/Formats.dir/parquet/column_reader.cpp.o
[129/1346] Building CXX object src/formats/orc/apache-orc/c++/src/CMakeFiles/orc.dir/sargs/TruthValue.cc.o
[130/1346] Building CXX object src/formats/CMakeFiles/Formats.dir/parquet/page_reader.cpp.o
[131/1346] Building CXX object src/formats/orc/apache-orc/c++/src/CMakeFiles/orc.dir/Adaptor.cc.o
[132/1346] Building CXX object src/formats/orc/apache-orc/c++/src/CMakeFiles/orc.dir/sargs/SargsApplier.cc.o
[133/1346] Building CXX object src/exec/CMakeFiles/Exec.dir/schema_scanner/schema_be_txns_scanner.cpp.o
[134/1346] Building CXX object src/formats/orc/apache-orc/c++/src/CMakeFiles/orc.dir/ColumnPrinter.cc.o
[135/1346] Building CXX object src/formats/CMakeFiles/Formats.dir/parquet/variant.cpp.o
[136/1346] Building CXX object src/formats/orc/apache-orc/c++/src/CMakeFiles/orc.dir/Common.cc.o
[137/1346] Building CXX object src/formats/orc/apache-orc/c++/src/CMakeFiles/orc.dir/BloomFilter.cc.o
[138/1346] Building CXX object src/formats/orc/apache-orc/c++/src/CMakeFiles/orc.dir/ByteRLE.cc.o
[139/1346] Building CXX object src/formats/CMakeFiles/Formats.dir/parquet/column_reader_factory.cpp.o
[140/1346] Building CXX object src/formats/orc/apache-orc/c++/src/CMakeFiles/orc.dir/sargs/PredicateLeaf.cc.o
[141/1346] Building CXX object src/formats/orc/apache-orc/c++/src/CMakeFiles/orc.dir/Exceptions.cc.o
[142/1346] Building CXX object src/formats/orc/apache-orc/c++/src/CMakeFiles/orc.dir/Murmur3.cc.o
[143/1346] Building CXX object src/formats/orc/apache-orc/c++/src/CMakeFiles/orc.dir/LzoDecompressor.cc.o
[144/1346] Building CXX object src/formats/orc/apache-orc/c++/src/CMakeFiles/orc.dir/Int128.cc.o
[145/1346] Building CXX object src/formats/CMakeFiles/Formats.dir/parquet/meta_helper.cpp.o
[146/1346] Building CXX object src/formats/CMakeFiles/Formats.dir/parquet/level_builder.cpp.o
[147/1346] Building CXX object src/formats/orc/apache-orc/c++/src/CMakeFiles/orc.dir/MemoryPool.cc.o
[148/1346] Building CXX object src/formats/orc/apache-orc/c++/src/CMakeFiles/orc.dir/OrcFile.cc.o
[149/1346] Building CXX object src/formats/orc/apache-orc/c++/src/CMakeFiles/orc.dir/Compression.cc.o
[150/1346] Building CXX object src/formats/orc/apache-orc/c++/src/CMakeFiles/orc.dir/ColumnReader.cc.o
[151/1346] Building CXX object src/formats/orc/apache-orc/c++/src/CMakeFiles/orc.dir/RLEV2Util.cc.o
[152/1346] Building CXX object src/formats/orc/apache-orc/c++/src/CMakeFiles/orc.dir/sargs/SearchArgument.cc.o
[153/1346] Building CXX object src/formats/orc/apache-orc/c++/src/CMakeFiles/orc.dir/RLEv1.cc.o
[154/1346] Building CXX object src/column/CMakeFiles/Column.dir/fixed_length_column.cpp.o
[155/1346] Building CXX object src/column/CMakeFiles/Column.dir/column_helper.cpp.o
[156/1346] Building CXX object src/formats/orc/apache-orc/c++/src/CMakeFiles/orc.dir/RLE.cc.o
[157/1346] Building CXX object src/formats/orc/apache-orc/c++/src/CMakeFiles/orc.dir/RleDecoderV2.cc.o
[158/1346] Building CXX object src/column/CMakeFiles/Column.dir/column_viewer.cpp.o
[159/1346] Building CXX object src/formats/orc/apache-orc/c++/src/CMakeFiles/orc.dir/RleEncoderV2.cc.o
[160/1346] Building CXX object src/formats/orc/apache-orc/c++/src/CMakeFiles/orc.dir/StripeStream.cc.o
[161/1346] Building CXX object src/agent/CMakeFiles/Agent.dir/agent_server.cpp.o
[162/1346] Building CXX object src/formats/CMakeFiles/Formats.dir/parquet/complex_column_reader.cpp.o
[163/1346] Building CXX object src/fs/CMakeFiles/FileSystem.dir/fd_cache.cpp.o
[164/1346] Building CXX object src/formats/CMakeFiles/Formats.dir/parquet/stored_column_reader.cpp.o
[165/1346] Building CXX object src/formats/orc/apache-orc/c++/src/CMakeFiles/orc.dir/bit_packing.cc.o
[166/1346] Building CXX object src/formats/CMakeFiles/Formats.dir/parquet/file_writer.cpp.o
[167/1346] Building CXX object src/formats/orc/apache-orc/c++/src/CMakeFiles/orc.dir/Vector.cc.o
[168/1346] Building CXX object src/formats/orc/apache-orc/c++/src/CMakeFiles/orc.dir/Writer.cc.o
[169/1346] Building CXX object src/formats/orc/apache-orc/c++/src/CMakeFiles/orc.dir/Statistics.cc.o
[170/1346] Building CXX object src/formats/orc/apache-orc/c++/src/CMakeFiles/orc.dir/Timezone.cc.o
[171/1346] Building CXX object src/formats/orc/apache-orc/c++/src/CMakeFiles/orc.dir/ColumnWriter.cc.o
[172/1346] Building CXX object src/formats/CMakeFiles/Formats.dir/parquet/group_reader.cpp.o
[173/1346] Building CXX object src/fs/CMakeFiles/FileSystem.dir/azure/azblob_uri.cpp.o
[174/1346] Building CXX object src/formats/CMakeFiles/Formats.dir/parquet/parquet_file_writer.cpp.o
[175/1346] Building CXX object src/fs/CMakeFiles/FileSystem.dir/azure/utils.cpp.o
[176/1346] Building CXX object src/formats/orc/apache-orc/c++/src/CMakeFiles/orc.dir/TypeImpl.cc.o
[177/1346] Building CXX object src/formats/CMakeFiles/Formats.dir/parquet/statistics_helper.cpp.o
[178/1346] Building CXX object src/exec/CMakeFiles/Exec.dir/pipeline/set/union_const_source_operator.cpp.o
[179/1346] Building CXX object src/fs/CMakeFiles/FileSystem.dir/fs_broker.cpp.o
[180/1346] Building CXX object src/formats/CMakeFiles/Formats.dir/parquet/scalar_column_reader.cpp.o
[181/1346] Building CXX object src/fs/CMakeFiles/FileSystem.dir/s3/poco_http_client_factory.cpp.o
[182/1346] Building CXX object src/fs/CMakeFiles/FileSystem.dir/encrypt_file.cpp.o
[183/1346] Building CXX object src/fs/CMakeFiles/FileSystem.dir/credential/cloud_configuration_factory.cpp.o
[184/1346] Building CXX object src/fs/CMakeFiles/FileSystem.dir/s3/poco_http_client.cpp.o
[185/1346] Building CXX object src/fs/CMakeFiles/FileSystem.dir/fs_util.cpp.o
[186/1346] Building CXX object src/fs/CMakeFiles/FileSystem.dir/hdfs/hdfs_fs_cache.cpp.o
[187/1346] Building CXX object src/fs/CMakeFiles/FileSystem.dir/fs_posix.cpp.o
[188/1346] Building CXX object src/fs/CMakeFiles/FileSystem.dir/fs_memory.cpp.o
[189/1346] Building CXX object src/fs/CMakeFiles/FileSystem.dir/bundle_file.cpp.o
[190/1346] Building CXX object src/fs/CMakeFiles/FileSystem.dir/fs.cpp.o
[191/1346] Building CXX object src/fs/CMakeFiles/FileSystem.dir/s3/poco_common.cpp.o
[192/1346] Linking CXX static library ../output/tmp/RELEASE/libCommon.a
[193/1346] Building CXX object src/fs/CMakeFiles/FileSystem.dir/key_cache.cpp.o
[194/1346] Building CXX object src/exec/CMakeFiles/Exec.dir/pipeline/set/union_passthrough_operator.cpp.o
[195/1346] Building CXX object src/fs/CMakeFiles/FileSystem.dir/fs_s3.cpp.o
[196/1346] Building CXX object src/formats/CMakeFiles/Formats.dir/parquet/column_converter.cpp.o
[197/1346] Building CXX object src/exec/CMakeFiles/Exec.dir/scan_node.cpp.o
[198/1346] Building CXX object src/formats/CMakeFiles/Formats.dir/orc/orc_chunk_reader.cpp.o
[199/1346] Building CXX object src/formats/orc/apache-orc/c++/src/CMakeFiles/orc.dir/wrap/orc-proto-wrapper.cc.o
[200/1346] Building CXX object src/exec/CMakeFiles/Exec.dir/capture_version_node.cpp.o
[201/1346] Building CXX object src/exec/CMakeFiles/Exec.dir/short_circuit.cpp.o
[202/1346] Building CXX object src/exec/CMakeFiles/Exec.dir/select_node.cpp.o
[203/1346] Building CXX object src/exec/CMakeFiles/Exec.dir/short_circuit_hybrid.cpp.o
[204/1346] Building CXX object src/exec/CMakeFiles/Exec.dir/mysql_scanner.cpp.o
[205/1346] Building CXX object src/exec/CMakeFiles/Exec.dir/pipeline/hashjoin/hash_join_build_operator.cpp.o
[206/1346] Building CXX object src/exec/CMakeFiles/Exec.dir/exchange_node.cpp.o
[207/1346] Building CXX object src/exec/CMakeFiles/Exec.dir/local_file_writer.cpp.o
[208/1346] Building CXX object src/fs/CMakeFiles/FileSystem.dir/azure/fs_azblob.cpp.o
[209/1346] Building CXX object src/fs/CMakeFiles/FileSystem.dir/hdfs/fs_hdfs.cpp.o
[210/1346] Building CXX object src/exec/CMakeFiles/Exec.dir/exec_node.cpp.o
[211/1346] Building CXX object src/formats/orc/apache-orc/c++/src/CMakeFiles/orc.dir/Reader.cc.o
[212/1346] Building CXX object src/column/CMakeFiles/Column.dir/fixed_length_column_base.cpp.o
[213/1346] Building CXX object src/exec/CMakeFiles/Exec.dir/sort_exec_exprs.cpp.o
[214/1346] Building CXX object src/exec/CMakeFiles/Exec.dir/empty_set_node.cpp.o
[215/1346] Building CXX object src/exec/CMakeFiles/Exec.dir/olap_common.cpp.o
[216/1346] Building CXX object src/fs/CMakeFiles/FileSystem.dir/fs_starlet.cpp.o
[217/1346] Building CXX object src/exec/CMakeFiles/Exec.dir/es/es_query_builder.cpp.o
[218/1346] Building CXX object src/exec/CMakeFiles/Exec.dir/es/es_scroll_query.cpp.o
[219/1346] Building CXX object src/exec/CMakeFiles/Exec.dir/multi_olap_table_sink.cpp.o
[220/1346] Building CXX object src/exec/CMakeFiles/Exec.dir/data_sink.cpp.o
[221/1346] Building CXX object src/exec/CMakeFiles/Exec.dir/write_combined_txn_log.cpp.o
[222/1346] Building CXX object src/exec/CMakeFiles/Exec.dir/tablet_info.cpp.o
[223/1346] Building CXX object src/exec/CMakeFiles/Exec.dir/partition/bucket_aware_partition.cpp.o
[224/1346] Building CXX object src/exec/CMakeFiles/Exec.dir/plain_text_builder.cpp.o
[225/1346] Building CXX object src/exec/CMakeFiles/Exec.dir/es/es_scan_reader.cpp.o
[226/1346] Building CXX object src/formats/CMakeFiles/Formats.dir/parquet/file_reader.cpp.o
[227/1346] Building CXX object src/exec/CMakeFiles/Exec.dir/tablet_sink_colocate_sender.cpp.o
[228/1346] Building CXX object src/exec/CMakeFiles/Exec.dir/aggregate/aggregate_base_node.cpp.o
[229/1346] Building CXX object src/exec/CMakeFiles/Exec.dir/es/es_scroll_parser.cpp.o
[230/1346] Building CXX object src/exec/CMakeFiles/Exec.dir/tablet_sink_sender.cpp.o
[231/1346] Building CXX object src/exec/CMakeFiles/Exec.dir/meta_scan_node.cpp.o
[232/1346] Building CXX object src/exec/CMakeFiles/Exec.dir/lake_meta_scanner.cpp.o
[233/1346] Building CXX object src/exec/CMakeFiles/Exec.dir/aggregate/compress_serializer.cpp.o
[234/1346] Building CXX object src/exec/CMakeFiles/Exec.dir/olap_meta_scanner.cpp.o
[235/1346] Building CXX object src/exec/CMakeFiles/Exec.dir/tablet_scanner.cpp.o
[236/1346] Building CXX object src/exec/CMakeFiles/Exec.dir/analytor.cpp.o
[237/1346] Building CXX object src/exec/CMakeFiles/Exec.dir/tablet_sink_index_channel.cpp.o
[238/1346] Building CXX object src/exec/CMakeFiles/Exec.dir/join/join_hash_table_descriptor.cpp.o
[239/1346] Building CXX object src/exec/CMakeFiles/Exec.dir/es/es_predicate.cpp.o
[240/1346] Building CXX object src/exec/CMakeFiles/Exec.dir/partition/partition_hash_variant.cpp.o
[241/1346] Building CXX object src/exec/CMakeFiles/Exec.dir/join/join_key_constructor.cpp.o
[242/1346] Building CXX object src/exec/CMakeFiles/Exec.dir/analytic_node.cpp.o
[243/1346] Building CXX object src/exec/CMakeFiles/Exec.dir/olap_meta_scan_node.cpp.o
[244/1346] Building CXX object src/formats/CMakeFiles/Formats.dir/parquet/encoding.cpp.o
[245/1346] Building CXX object src/exec/CMakeFiles/Exec.dir/tablet_sink.cpp.o
[246/1346] Building CXX object src/exec/CMakeFiles/Exec.dir/partition/chunks_partitioner.cpp.o
[247/1346] Building CXX object src/exec/CMakeFiles/Exec.dir/olap_scan_node.cpp.o
[248/1346] Building CXX object src/exec/CMakeFiles/Exec.dir/aggregate/aggregate_streaming_node.cpp.o
[249/1346] Building CXX object src/exec/CMakeFiles/Exec.dir/topn_node.cpp.o
[250/1346] Building CXX object src/exec/CMakeFiles/Exec.dir/lake_meta_scan_node.cpp.o
[251/1346] Building CXX object src/exec/CMakeFiles/Exec.dir/parquet_schema_builder.cpp.o
[252/1346] Building CXX object src/exec/CMakeFiles/Exec.dir/except_hash_set.cpp.o
[253/1346] Building CXX object src/exec/CMakeFiles/Exec.dir/union_node.cpp.o
[254/1346] Building CXX object src/exec/CMakeFiles/Exec.dir/aggregate/aggregate_blocking_node.cpp.o
[255/1346] Building CXX object src/exec/CMakeFiles/Exec.dir/aggregate/distinct_blocking_node.cpp.o
[256/1346] Building CXX object src/exec/CMakeFiles/Exec.dir/aggregate/distinct_streaming_node.cpp.o
[257/1346] Building CXX object src/exec/CMakeFiles/Exec.dir/hash_joiner.cpp.o
[258/1346] Building CXX object src/exec/CMakeFiles/Exec.dir/hash_join_node.cpp.o
[259/1346] Building CXX object src/exec/CMakeFiles/Exec.dir/chunks_sorter.cpp.o
[260/1346] Building CXX object src/exec/CMakeFiles/Exec.dir/chunks_sorter_topn.cpp.o
[261/1346] Building CXX object src/exec/CMakeFiles/Exec.dir/chunks_sorter_full_sort.cpp.o
[262/1346] Building CXX object src/exec/CMakeFiles/Exec.dir/spillable_chunks_sorter_full_sort.cpp.o
[263/1346] Building CXX object src/exec/CMakeFiles/Exec.dir/cross_join_node.cpp.o
[264/1346] Building CXX object src/exec/CMakeFiles/Exec.dir/except_node.cpp.o
[265/1346] Building CXX object src/exec/CMakeFiles/Exec.dir/arrow_to_json_converter.cpp.o
[266/1346] Building CXX object src/exec/CMakeFiles/Exec.dir/parquet_reader.cpp.o
[267/1346] Building CXX object src/exec/CMakeFiles/Exec.dir/parquet_writer.cpp.o
[268/1346] Building CXX object src/exec/CMakeFiles/Exec.dir/parquet_builder.cpp.o
[269/1346] Building CXX object src/exec/CMakeFiles/Exec.dir/file_scan_node.cpp.o
[270/1346] Linking CXX static library ../output/tmp/RELEASE/libAgent.a
[271/1346] Linking CXX static library ../output/tmp/RELEASE/liborc.a
[272/1346] Building CXX object src/exec/CMakeFiles/Exec.dir/arrow_to_starrocks_converter.cpp.o
[273/1346] Building CXX object src/exec/CMakeFiles/Exec.dir/hash_join_components.cpp.o
[274/1346] Linking CXX static library ../output/tmp/RELEASE/libFileSystem.a
[275/1346] Building CXX object src/exec/CMakeFiles/Exec.dir/intersect_hash_set.cpp.o
[276/1346] Building CXX object src/exec/CMakeFiles/Exec.dir/iceberg/iceberg_delete_file_iterator.cpp.o
[277/1346] Building CXX object src/exec/CMakeFiles/Exec.dir/arrow_flight_batch_reader.cpp.o
[278/1346] Building CXX object src/exec/CMakeFiles/Exec.dir/paimon/paimon_delete_file_builder.cpp.o
[279/1346] Building CXX object src/exec/CMakeFiles/Exec.dir/olap_scan_prepare.cpp.o
[280/1346] Building CXX object src/exec/CMakeFiles/Exec.dir/assert_num_rows_node.cpp.o
[281/1346] Building CXX object src/exec/CMakeFiles/Exec.dir/intersect_node.cpp.o
[282/1346] Building CXX object src/exec/CMakeFiles/Exec.dir/json_parser.cpp.o
[283/1346] Building CXX object src/exec/CMakeFiles/Exec.dir/file_scanner/avro_cpp_scanner.cpp.o
[284/1346] Building CXX object src/exec/CMakeFiles/Exec.dir/table_function_node.cpp.o
[285/1346] Building CXX object src/exec/CMakeFiles/Exec.dir/schema_scan_node.cpp.o
[286/1346] Building CXX object src/exec/CMakeFiles/Exec.dir/schema_scanner.cpp.o
[287/1346] Building CXX object src/exec/CMakeFiles/Exec.dir/project_node.cpp.o
[288/1346] Building CXX object src/exec/CMakeFiles/Exec.dir/schema_scanner/schema_dummy_scanner.cpp.o
[289/1346] Building CXX object src/exec/CMakeFiles/Exec.dir/file_scanner/csv_scanner.cpp.o
[290/1346] Building CXX object src/exec/CMakeFiles/Exec.dir/schema_scanner/schema_tables_scanner.cpp.o
[291/1346] Building CXX object src/exec/CMakeFiles/Exec.dir/schema_scanner/schema_columns_scanner.cpp.o
[292/1346] Building CXX object src/exec/CMakeFiles/Exec.dir/sorted_streaming_aggregator.cpp.o
[293/1346] Building CXX object src/exec/CMakeFiles/Exec.dir/file_scanner/parquet_scanner.cpp.o
[294/1346] Building CXX object src/exec/CMakeFiles/Exec.dir/schema_scanner/schema_schemata_scanner.cpp.o
[295/1346] Building CXX object src/exec/CMakeFiles/Exec.dir/schema_scanner/schema_variables_scanner.cpp.o
[296/1346] Building CXX object src/exec/CMakeFiles/Exec.dir/schema_scanner/schema_analyze_status.cpp.o
[297/1346] Building CXX object src/exec/CMakeFiles/Exec.dir/hdfs_scanner/hdfs_scanner_partition.cpp.o
[298/1346] Building CXX object src/exec/CMakeFiles/Exec.dir/schema_scanner/schema_collations_scanner.cpp.o
[299/1346] Building CXX object src/exec/CMakeFiles/Exec.dir/dict_decode_node.cpp.o
[300/1346] Building CXX object src/exec/CMakeFiles/Exec.dir/dictionary_cache_writer.cpp.o
[301/1346] Building CXX object src/exec/CMakeFiles/Exec.dir/schema_scanner/schema_column_stats_usage_scanner.cpp.o
[302/1346] Building CXX object src/exec/CMakeFiles/Exec.dir/hdfs_scanner/hdfs_scanner_parquet.cpp.o
[303/1346] Building CXX object src/exec/CMakeFiles/Exec.dir/file_scanner/avro_scanner.cpp.o
[304/1346] Building CXX object src/exec/CMakeFiles/Exec.dir/file_scanner/orc_scanner.cpp.o
[305/1346] Building CXX object src/exec/CMakeFiles/Exec.dir/schema_scanner/schema_charsets_scanner.cpp.o
[306/1346] Building CXX object src/exec/CMakeFiles/Exec.dir/schema_scanner/schema_tasks_scanner.cpp.o
[307/1346] Building CXX object src/exec/CMakeFiles/Exec.dir/schema_scanner/schema_task_runs_scanner.cpp.o
[308/1346] Building CXX object src/exec/CMakeFiles/Exec.dir/schema_scanner/schema_materialized_views_scanner.cpp.o
[309/1346] Building CXX object src/exec/CMakeFiles/Exec.dir/schema_scanner/schema_table_privileges_scanner.cpp.o
[310/1346] Building CXX object src/exec/CMakeFiles/Exec.dir/file_scanner/file_scanner.cpp.o
[311/1346] Building CXX object src/exec/CMakeFiles/Exec.dir/hdfs_scanner/cache_select_scanner.cpp.o
[312/1346] Building CXX object src/exec/CMakeFiles/Exec.dir/repeat_node.cpp.o
[313/1346] Building CXX object src/exec/CMakeFiles/Exec.dir/schema_scanner/schema_views_scanner.cpp.o
[314/1346] Building CXX object src/exec/CMakeFiles/Exec.dir/schema_scanner/schema_events_scanner.cpp.o
[315/1346] Building CXX object src/exec/CMakeFiles/Exec.dir/schema_scanner/schema_load_tracking_logs_scanner.cpp.o
[316/1346] Building CXX object src/io/CMakeFiles/IO.dir/compressed_input_stream.cpp.o
[317/1346] Building CXX object src/exec/CMakeFiles/Exec.dir/schema_scanner/schema_statistics_scanner.cpp.o
[318/1346] Building CXX object src/exec/CMakeFiles/Exec.dir/schema_scanner/schema_loads_scanner.cpp.o
[319/1346] Building CXX object src/exec/CMakeFiles/Exec.dir/schema_scanner/schema_triggers_scanner.cpp.o
[320/1346] Building CXX object src/exec/CMakeFiles/Exec.dir/schema_scanner/schema_schema_privileges_scanner.cpp.o
[321/1346] Building CXX object src/io/CMakeFiles/IO.dir/fd_output_stream.cpp.o
[322/1346] Building CXX object src/io/CMakeFiles/IO.dir/array_input_stream.cpp.o
[323/1346] Building CXX object src/exec/CMakeFiles/Exec.dir/schema_scanner/schema_tables_config_scanner.cpp.o
[324/1346] Building CXX object src/exec/CMakeFiles/Exec.dir/iceberg/iceberg_delete_builder.cpp.o
[325/1346] Building CXX object src/exec/CMakeFiles/Exec.dir/hdfs_scanner/jni_scanner.cpp.o
[326/1346] Building CXX object src/exec/CMakeFiles/Exec.dir/pipeline/set/except_probe_sink_operator.cpp.o
[327/1346] Building CXX object src/exec/CMakeFiles/Exec.dir/hdfs_scanner/hdfs_scanner_text.cpp.o
[328/1346] Building CXX object src/exec/CMakeFiles/Exec.dir/schema_scanner/schema_be_threads_scanner.cpp.o
[329/1346] Building CXX object src/exec/CMakeFiles/Exec.dir/schema_scanner/schema_partitions_meta_scanner.cpp.o
[330/1346] Building CXX object src/exec/CMakeFiles/Exec.dir/schema_scanner/schema_user_privileges_scanner.cpp.o
[331/1346] Building CXX object src/exec/CMakeFiles/Exec.dir/schema_scanner/schema_be_bvars_scanner.cpp.o
[332/1346] Building CXX object src/exec/CMakeFiles/Exec.dir/schema_scanner/schema_be_logs_scanner.cpp.o
[333/1346] Building CXX object src/exec/CMakeFiles/Exec.dir/schema_scanner/starrocks_role_edges_scanner.cpp.o
[334/1346] Building CXX object src/exec/CMakeFiles/Exec.dir/schema_scanner/schema_helper.cpp.o
[335/1346] Linking CXX static library ../output/tmp/RELEASE/libConnector.a
[336/1346] Building CXX object src/exec/CMakeFiles/Exec.dir/schema_scanner/schema_be_configs_scanner.cpp.o
[337/1346] Building CXX object src/exec/CMakeFiles/Exec.dir/hdfs_scanner/hdfs_scanner_orc.cpp.o
[338/1346] Building CXX object src/exec/CMakeFiles/Exec.dir/file_scanner/json_scanner.cpp.o
[339/1346] Building CXX object src/exec/CMakeFiles/Exec.dir/schema_scanner/schema_routine_load_jobs_scanner.cpp.o
[340/1346] Building CXX object src/exec/CMakeFiles/Exec.dir/schema_scanner/starrocks_grants_to_scanner.cpp.o
[341/1346] Building CXX object src/exec/CMakeFiles/Exec.dir/schema_scanner/schema_stream_loads_scanner.cpp.o
[342/1346] Building CXX object src/exec/CMakeFiles/Exec.dir/schema_scanner/sys_fe_locks.cpp.o
[343/1346] Building CXX object src/exec/CMakeFiles/Exec.dir/schema_scanner/schema_be_metrics_scanner.cpp.o
[344/1346] Building CXX object src/exec/CMakeFiles/Exec.dir/schema_scanner/schema_warehouse_metrics.cpp.o
[345/1346] Building CXX object src/exec/CMakeFiles/Exec.dir/schema_scanner/sys_fe_memory_usage.cpp.o
[346/1346] Building CXX object src/exec/CMakeFiles/Exec.dir/schema_scanner/schema_temp_tables_scanner.cpp.o
[347/1346] Building CXX object src/exec/CMakeFiles/Exec.dir/schema_scanner/schema_pipes.cpp.o
[348/1346] Building CXX object src/exec/CMakeFiles/Exec.dir/schema_scanner/schema_fe_metrics_scanner.cpp.o
[349/1346] Building CXX object src/exec/CMakeFiles/Exec.dir/schema_scanner/schema_recyclebin_catalogs.cpp.o
[350/1346] Building CXX object src/exec/CMakeFiles/Exec.dir/schema_scanner/schema_be_datacache_metrics_scanner.cpp.o
[351/1346] Building CXX object src/exec/CMakeFiles/Exec.dir/schema_scanner/schema_be_compactions_scanner.cpp.o
[352/1346] Building CXX object src/exec/CMakeFiles/Exec.dir/schema_scanner/schema_fe_tablet_schedules_scanner.cpp.o
[353/1346] Building CXX object src/exec/CMakeFiles/Exec.dir/schema_scanner/sys_object_dependencies.cpp.o
[354/1346] Building CXX object src/exec/CMakeFiles/Exec.dir/sorting/merge.cpp.o
[355/1346] Building CXX object src/exec/CMakeFiles/Exec.dir/hdfs_scanner/hdfs_scanner.cpp.o
[356/1346] Building CXX object src/exec/CMakeFiles/Exec.dir/schema_scanner/schema_warehouse_queries.cpp.o
[357/1346] Building CXX object src/exec/CMakeFiles/Exec.dir/schema_scanner/schema_keywords_scanner.cpp.o
[358/1346] Building CXX object src/exec/CMakeFiles/Exec.dir/schema_scanner/schema_be_tablets_scanner.cpp.o
[359/1346] Building CXX object src/exec/CMakeFiles/Exec.dir/schema_scanner/schema_be_cloud_native_compactions_scanner.cpp.o
[360/1346] Building CXX object src/exec/CMakeFiles/Exec.dir/schema_scanner/schema_pipe_files.cpp.o
[361/1346] Building CXX object src/exec/CMakeFiles/Exec.dir/schema_scanner/schema_cluster_snapshot_jobs_scanner.cpp.o
[362/1346] Building CXX object src/exec/CMakeFiles/Exec.dir/schema_scanner/schema_applicable_roles_scanner.cpp.o
[363/1346] Building CXX object src/exec/CMakeFiles/Exec.dir/schema_scanner/schema_cluster_snapshots_scanner.cpp.o
[364/1346] Building CXX object src/exec/CMakeFiles/Exec.dir/pipeline/exchange/multi_cast_local_exchange.cpp.o
[365/1346] Building CXX object src/exec/CMakeFiles/Exec.dir/sorting/sort_permute.cpp.o
[366/1346] Building CXX object src/exec/CMakeFiles/Exec.dir/sorting/merge_column.cpp.o
[367/1346] Building CXX object src/exec/CMakeFiles/Exec.dir/pipeline/capture_version_operator.cpp.o
[368/1346] Building CXX object src/exec/CMakeFiles/Exec.dir/schema_scanner/schema_dynamic_tablet_jobs_scanner.cpp.o
[369/1346] Building CXX object src/exec/CMakeFiles/Exec.dir/jdbc_scanner.cpp.o
[370/1346] Building CXX object src/exec/CMakeFiles/Exec.dir/sorting/compare_column.cpp.o
[371/1346] Building CXX object src/exec/CMakeFiles/Exec.dir/sorting/merge_path.cpp.o
[372/1346] Building CXX object src/exec/CMakeFiles/Exec.dir/sorting/merge_cascade.cpp.o
[373/1346] Building CXX object src/exec/CMakeFiles/Exec.dir/pipeline/exchange/exchange_merge_sort_source_operator.cpp.o
[374/1346] Building CXX object src/exec/CMakeFiles/Exec.dir/pipeline/exchange/exchange_source_operator.cpp.o
[375/1346] Building CXX object src/exec/CMakeFiles/Exec.dir/pipeline/exchange/local_exchange.cpp.o
[376/1346] Building CXX object src/exec/CMakeFiles/Exec.dir/pipeline/exchange/local_exchange_sink_operator.cpp.o
[377/1346] Building CXX object src/exec/CMakeFiles/Exec.dir/pipeline/exchange/mem_limited_chunk_queue.cpp.o
[378/1346] Building CXX object src/exec/CMakeFiles/Exec.dir/pipeline/exchange/spillable_multi_cast_local_exchange.cpp.o
[379/1346] Building CXX object src/exec/CMakeFiles/Exec.dir/pipeline/exchange/multi_cast_local_exchange_sink_operator.cpp.o
[380/1346] Building CXX object src/exec/CMakeFiles/Exec.dir/pipeline/exchange/multi_cast_local_exchange_source_operator.cpp.o
[381/1346] Building CXX object src/exec/CMakeFiles/Exec.dir/pipeline/exchange/split_local_exchange.cpp.o
[382/1346] Building CXX object src/exec/CMakeFiles/Exec.dir/pipeline/operator.cpp.o
[383/1346] Building CXX object src/exec/CMakeFiles/Exec.dir/connector_scan_node.cpp.o
[384/1346] Building CXX object src/exec/CMakeFiles/Exec.dir/pipeline/exchange/exchange_parallel_merge_source_operator.cpp.o
[385/1346] Building CXX object src/exec/CMakeFiles/Exec.dir/pipeline/exchange/exchange_sink_operator.cpp.o
[386/1346] Building CXX object src/exec/CMakeFiles/Exec.dir/pipeline/exchange/local_exchange_source_operator.cpp.o
[387/1346] Building CXX object src/exec/CMakeFiles/Exec.dir/pipeline/exchange/sink_buffer.cpp.o
[388/1346] Building CXX object src/exec/CMakeFiles/Exec.dir/pipeline/fragment_executor.cpp.o
[389/1346] Building CXX object src/exec/CMakeFiles/Exec.dir/pipeline/limit_operator.cpp.o
[390/1346] Building CXX object src/exec/CMakeFiles/Exec.dir/pipeline/dict_decode_operator.cpp.o
[391/1346] Building CXX object src/exec/CMakeFiles/Exec.dir/pipeline/result_sink_operator.cpp.o
[392/1346] Building CXX object src/exec/CMakeFiles/Exec.dir/join/join_hash_map.cpp.o
[393/1346] Building CXX object src/exec/CMakeFiles/Exec.dir/pipeline/source_operator.cpp.o
[394/1346] Building CXX object src/exec/CMakeFiles/Exec.dir/pipeline/project_operator.cpp.o
[395/1346] Building CXX object src/exec/CMakeFiles/Exec.dir/pipeline/scan/balanced_chunk_buffer.cpp.o
[396/1346] Building CXX object src/exec/CMakeFiles/Exec.dir/pipeline/scan/morsel.cpp.o
[397/1346] Building CXX object src/exec/CMakeFiles/Exec.dir/pipeline/scan/chunk_buffer_limiter.cpp.o
[398/1346] Building CXX object src/exec/CMakeFiles/Exec.dir/sorting/sort_column.cpp.o
[399/1346] Building CXX object src/exec/CMakeFiles/Exec.dir/pipeline/pipeline_builder.cpp.o
[400/1346] Building CXX object src/exec/CMakeFiles/Exec.dir/pipeline/olap_table_sink_operator.cpp.o
[401/1346] Building CXX object src/exec/CMakeFiles/Exec.dir/pipeline/scan/chunk_source.cpp.o
[402/1346] Building CXX object src/exec/CMakeFiles/Exec.dir/pipeline/scan/scan_operator.cpp.o
[403/1346] Building CXX object src/exec/CMakeFiles/Exec.dir/pipeline/scan/olap_chunk_source.cpp.o
[404/1346] Building CXX object src/exec/CMakeFiles/Exec.dir/pipeline/scan/olap_scan_operator.cpp.o
[405/1346] Building CXX object src/exec/CMakeFiles/Exec.dir/pipeline/scan/olap_scan_prepare_operator.cpp.o
[406/1346] Building CXX object src/exec/CMakeFiles/Exec.dir/pipeline/scan/olap_scan_context.cpp.o
[407/1346] Building CXX object src/exec/CMakeFiles/Exec.dir/pipeline/scan/connector_scan_operator.cpp.o
[408/1346] Building CXX object src/exec/CMakeFiles/Exec.dir/stream/scan/stream_scan_operator.cpp.o
[409/1346] Building CXX object src/exec/CMakeFiles/Exec.dir/agg_runtime_filter_builder.cpp.o
[410/1346] Linking CXX static library ../output/tmp/RELEASE/libColumn.a
[411/1346] Building CXX object src/exec/CMakeFiles/Exec.dir/aggregate/agg_hash_variant.cpp.o
[412/1346] Building CXX object src/exec/CMakeFiles/Exec.dir/aggregator.cpp.o
[413/1346] Building CXX object src/formats/CMakeFiles/Formats.dir/orc/column_reader.cpp.o
FAILED: src/formats/CMakeFiles/Formats.dir/orc/column_reader.cpp.o 
ccache /bin/clang++ -DHAVE_INTTYPES_H -DHAVE_NETINET_IN_H -DWITH_TENANN -I/home/xujia/starrocks/be/src/formats/orc/apache-orc/c++/include -I/home/xujia/starrocks/be/src -I/home/xujia/starrocks/be/test -I/home/xujia/starrocks/be/src/gen_cpp/build -I/var/local/thirdparty/installed/include/breakpad -I/var/local/thirdparty/installed/open_jdk/include -I/var/local/thirdparty/installed/open_jdk/include/linux -isystem /var/local/thirdparty/installed/include -isystem /var/local/thirdparty/installed/starcache/include -isystem /var/local/thirdparty/installed/starlet/third_party/include -isystem /var/local/thirdparty/installed/starlet/starlet_install/include -isystem /var/local/thirdparty/installed/gperftools/include -isystem /var/local/thirdparty/installed/jemalloc/include -isystem /var/local/thirdparty/installed/include/thrift -isystem /var/local/thirdparty/installed/include/event -isystem /var/local/thirdparty/installed/llvm/include -Wall -Wno-sign-compare -Wno-unknown-pragmas -pthread -Wno-register -Wno-strict-aliasing -fno-omit-frame-pointer -std=gnu++20 -D__STDC_FORMAT_MACROS -Wno-deprecated -Wno-vla -Wno-comment -ffile-prefix-map=/home/xujia/starrocks/be/build_Release=. -ffile-prefix-map=/home/xujia/starrocks/be=be -fno-sized-deallocation -Werror -Wno-unused-parameter -Wno-documentation -Wno-weak-vtables -Werror=string-plus-int -Werror=pessimizing-move -Werror=delete-non-virtual-dtor -Wno-reserved-identifier -Wno-suggest-destructor-override -Wno-documentation-unknown-command -Wno-old-style-cast -Wno-c++20-designator -Wno-mismatched-tags -Wno-bitwise-instead-of-logical -Wno-inconsistent-missing-override -Wno-ambiguous-reversed-operator -Wno-unsafe-buffer-usage -Wno-switch-default -DBOOST_DATE_TIME_POSIX_TIME_STD_CONFIG -DBOOST_SYSTEM_NO_DEPRECATED -DBOOST_UUID_RANDOM_PROVIDER_FORCE_POSIX -Werror=return-type -Werror=switch -DUSE_STAROS -DWITH_STARCACHE --gcc-toolchain=/bin/.. -msse4.2 -mpclmul -mavx2 -mbmi2  -Wno-attributes -DS2_USE_GFLAGS -DS2_USE_GLOG -faligned-new  -DSTARROCKS_JIT_ENABLE -g -Wno-unused-local-typedefs -O3 -gdwarf-4 -DNDEBUG -O3 -DNDEBUG -MD -MT src/formats/CMakeFiles/Formats.dir/orc/column_reader.cpp.o -MF src/formats/CMakeFiles/Formats.dir/orc/column_reader.cpp.o.d -o src/formats/CMakeFiles/Formats.dir/orc/column_reader.cpp.o -c /home/xujia/starrocks/be/src/formats/orc/column_reader.cpp
/home/xujia/starrocks/be/src/formats/orc/column_reader.cpp:956:64: error: non-const lvalue reference to type 'MutableColumnPtr' (aka 'MutPtr<starrocks::Column>') cannot bind to a value of unrelated type 'ColumnPtr' (aka 'ImmutPtr<starrocks::Column>')
  956 |         RETURN_IF_ERROR(_child_readers[i]->get_next(field_cvb, col_struct->field_column_ptr(i), from, size));
      |                                                                ^~~~~~~~~~~~~~~~~~~~~~~~~~~~~~~
/home/xujia/starrocks/be/src/common/status.h:428:56: note: expanded from macro 'RETURN_IF_ERROR'
  428 | #define RETURN_IF_ERROR(stmt) RETURN_IF_ERROR_INTERNAL(stmt)
      |                                                        ^~~~
/home/xujia/starrocks/be/src/common/status.h:345:28: note: expanded from macro 'RETURN_IF_ERROR_INTERNAL'
  345 |         auto&& status__ = (stmt);                                                                     \
      |                            ^~~~
/home/xujia/starrocks/be/src/formats/orc/column_reader.h:73:76: note: passing argument to parameter 'col' here
   73 |     virtual Status get_next(orc::ColumnVectorBatch* cvb, MutableColumnPtr& col, size_t from, size_t size) = 0;
      |                                                                            ^
1 error generated.
[414/1346] Building CXX object src/exec/CMakeFiles/Exec.dir/pipeline/scan/schema_scan_context.cpp.o
[415/1346] Building CXX object src/exec/CMakeFiles/Exec.dir/pipeline/sink/sink_io_buffer.cpp.o
[416/1346] Building CXX object src/exec/CMakeFiles/Exec.dir/pipeline/sink/blackhole_table_sink_operator.cpp.o
[417/1346] Building CXX object src/exec/CMakeFiles/Exec.dir/pipeline/select_operator.cpp.o
[418/1346] Building CXX object src/exec/CMakeFiles/Exec.dir/chunks_sorter_heap_sort.cpp.o
FAILED: src/exec/CMakeFiles/Exec.dir/chunks_sorter_heap_sort.cpp.o 
ccache /bin/clang++ -DHAVE_INTTYPES_H -DHAVE_NETINET_IN_H -DWITH_TENANN -I/home/xujia/starrocks/be/src/formats/orc/apache-orc/c++/include -I/home/xujia/starrocks/be/src -I/home/xujia/starrocks/be/test -I/home/xujia/starrocks/be/src/gen_cpp/build -I/var/local/thirdparty/installed/include/breakpad -I/var/local/thirdparty/installed/open_jdk/include -I/var/local/thirdparty/installed/open_jdk/include/linux -isystem /var/local/thirdparty/installed/include -isystem /var/local/thirdparty/installed/starcache/include -isystem /var/local/thirdparty/installed/starlet/third_party/include -isystem /var/local/thirdparty/installed/starlet/starlet_install/include -isystem /var/local/thirdparty/installed/gperftools/include -isystem /var/local/thirdparty/installed/jemalloc/include -isystem /var/local/thirdparty/installed/include/thrift -isystem /var/local/thirdparty/installed/include/event -isystem /var/local/thirdparty/installed/llvm/include -Wall -Wno-sign-compare -Wno-unknown-pragmas -pthread -Wno-register -Wno-strict-aliasing -fno-omit-frame-pointer -std=gnu++20 -D__STDC_FORMAT_MACROS -Wno-deprecated -Wno-vla -Wno-comment -ffile-prefix-map=/home/xujia/starrocks/be/build_Release=. -ffile-prefix-map=/home/xujia/starrocks/be=be -fno-sized-deallocation -Werror -Wno-unused-parameter -Wno-documentation -Wno-weak-vtables -Werror=string-plus-int -Werror=pessimizing-move -Werror=delete-non-virtual-dtor -Wno-reserved-identifier -Wno-suggest-destructor-override -Wno-documentation-unknown-command -Wno-old-style-cast -Wno-c++20-designator -Wno-mismatched-tags -Wno-bitwise-instead-of-logical -Wno-inconsistent-missing-override -Wno-ambiguous-reversed-operator -Wno-unsafe-buffer-usage -Wno-switch-default -DBOOST_DATE_TIME_POSIX_TIME_STD_CONFIG -DBOOST_SYSTEM_NO_DEPRECATED -DBOOST_UUID_RANDOM_PROVIDER_FORCE_POSIX -Werror=return-type -Werror=switch -DUSE_STAROS -DWITH_STARCACHE --gcc-toolchain=/bin/.. -msse4.2 -mpclmul -mavx2 -mbmi2  -Wno-attributes -DS2_USE_GFLAGS -DS2_USE_GLOG -faligned-new  -DSTARROCKS_JIT_ENABLE -g -Wno-unused-local-typedefs -O3 -gdwarf-4 -DNDEBUG -O3 -DNDEBUG -MD -MT src/exec/CMakeFiles/Exec.dir/chunks_sorter_heap_sort.cpp.o -MF src/exec/CMakeFiles/Exec.dir/chunks_sorter_heap_sort.cpp.o.d -o src/exec/CMakeFiles/Exec.dir/chunks_sorter_heap_sort.cpp.o -c /home/xujia/starrocks/be/src/exec/chunks_sorter_heap_sort.cpp
In file included from /home/xujia/starrocks/be/src/exec/chunks_sorter_heap_sort.cpp:15:
In file included from /home/xujia/starrocks/be/src/exec/chunks_sorter_heap_sort.h:22:
In file included from /home/xujia/starrocks/be/src/column/chunk.h:22:
In file included from /home/xujia/starrocks/be/src/column/column.h:25:
In file included from /home/xujia/starrocks/be/src/common/cow.h:22:
/home/xujia/starrocks/be/src/gutil/casts.h:80:12: error: static_cast from 'const starrocks::Column *' to 'starrocks::NullableColumn *' casts away qualifiers
   80 |     return static_cast<To>(f);
      |            ^~~~~~~~~~~~~~~~~~
/home/xujia/starrocks/be/src/exec/chunks_sorter_heap_sort.cpp:224:38: note: in instantiation of function template specialization 'down_cast<starrocks::NullableColumn *, const starrocks::Column>' requested here
  224 |         auto* order_by_null_column = down_cast<NullableColumn*>(input_column.get())->null_column();
      |                                      ^
/home/xujia/starrocks/be/src/exec/chunks_sorter_heap_sort.cpp:75:43: note: in instantiation of function template specialization 'starrocks::ChunksSorterHeapSort::_do_filter_data_for_type<starrocks::TYPE_TINYINT>' requested here
   75 |                 APPLY_FOR_ALL_SCALAR_TYPE(M)
      |                                           ^
/home/xujia/starrocks/be/src/exec/chunks_sorter_heap_sort.cpp:222:50: error: no member named 'immutable_data' in 'starrocks::BinaryColumnBase<unsigned int>'
  220 |         const auto& need_filter_data = ColumnHelper::cast_to_raw<TYPE>(
      |                                        ~~~~~~~~~~~~~~~~~~~~~~~~~~~~~~~~
  221 |                                                down_cast<const NullableColumn*>(top_cursor_column.get())->data_column())
      |                                                ~~~~~~~~~~~~~~~~~~~~~~~~~~~~~~~~~~~~~~~~~~~~~~~~~~~~~~~~~~~~~~~~~~~~~~~~~
  222 |                                                ->immutable_data()[cursor_rid];
      |                                                  ^
/home/xujia/starrocks/be/src/exec/chunks_sorter_heap_sort.cpp:75:43: note: in instantiation of function template specialization 'starrocks::ChunksSorterHeapSort::_do_filter_data_for_type<starrocks::TYPE_VARCHAR>' requested here
   75 |                 APPLY_FOR_ALL_SCALAR_TYPE(M)
      |                                           ^
/home/xujia/starrocks/be/src/exec/chunks_sorter_heap_sort.cpp:222:50: error: no member named 'immutable_data' in 'starrocks::BinaryColumnBase<unsigned int>'
  220 |         const auto& need_filter_data = ColumnHelper::cast_to_raw<TYPE>(
      |                                        ~~~~~~~~~~~~~~~~~~~~~~~~~~~~~~~~
  221 |                                                down_cast<const NullableColumn*>(top_cursor_column.get())->data_column())
      |                                                ~~~~~~~~~~~~~~~~~~~~~~~~~~~~~~~~~~~~~~~~~~~~~~~~~~~~~~~~~~~~~~~~~~~~~~~~~
  222 |                                                ->immutable_data()[cursor_rid];
      |                                                  ^
/home/xujia/starrocks/be/src/exec/chunks_sorter_heap_sort.cpp:75:43: note: in instantiation of function template specialization 'starrocks::ChunksSorterHeapSort::_do_filter_data_for_type<starrocks::TYPE_CHAR>' requested here
   75 |                 APPLY_FOR_ALL_SCALAR_TYPE(M)
      |                                           ^
/home/xujia/starrocks/be/src/exec/chunks_sorter_heap_sort.cpp:222:50: error: no member named 'immutable_data' in 'starrocks::BinaryColumnBase<unsigned int>'
  220 |         const auto& need_filter_data = ColumnHelper::cast_to_raw<TYPE>(
      |                                        ~~~~~~~~~~~~~~~~~~~~~~~~~~~~~~~~
  221 |                                                down_cast<const NullableColumn*>(top_cursor_column.get())->data_column())
      |                                                ~~~~~~~~~~~~~~~~~~~~~~~~~~~~~~~~~~~~~~~~~~~~~~~~~~~~~~~~~~~~~~~~~~~~~~~~~
  222 |                                                ->immutable_data()[cursor_rid];
      |                                                  ^
/home/xujia/starrocks/be/src/exec/chunks_sorter_heap_sort.cpp:75:43: note: in instantiation of function template specialization 'starrocks::ChunksSorterHeapSort::_do_filter_data_for_type<starrocks::TYPE_VARBINARY>' requested here
   75 |                 APPLY_FOR_ALL_SCALAR_TYPE(M)
      |                                           ^
4 errors generated.
[419/1346] Building CXX object src/exec/CMakeFiles/Exec.dir/pipeline/nljoin/nljoin_build_operator.cpp.o
[420/1346] Building CXX object src/exec/CMakeFiles/Exec.dir/pipeline/sink/dictionary_cache_sink_operator.cpp.o
[421/1346] Building CXX object src/exec/CMakeFiles/Exec.dir/pipeline/scan/lake_meta_scan_prepare_operator.cpp.o
[422/1346] Building CXX object src/exec/CMakeFiles/Exec.dir/pipeline/scan/meta_chunk_source.cpp.o
[423/1346] Building CXX object src/exec/CMakeFiles/Exec.dir/pipeline/scan/schema_scan_operator.cpp.o
[424/1346] Building CXX object src/exec/CMakeFiles/Exec.dir/pipeline/scan/schema_chunk_source.cpp.o
[425/1346] Building CXX object src/exec/CMakeFiles/Exec.dir/pipeline/nljoin/spillable_nljoin_probe_operator.cpp.o
[426/1346] Building CXX object src/exec/CMakeFiles/Exec.dir/pipeline/scan/meta_scan_operator.cpp.o
[427/1346] Building CXX object src/exec/CMakeFiles/Exec.dir/pipeline/scan/olap_meta_scan_prepare_operator.cpp.o
[428/1346] Building CXX object src/exec/CMakeFiles/Exec.dir/pipeline/sort/local_partition_topn_source.cpp.o
[429/1346] Building CXX object src/exec/CMakeFiles/Exec.dir/pipeline/scan/meta_scan_prepare_operator.cpp.o
[430/1346] Building CXX object src/exec/CMakeFiles/Exec.dir/pipeline/sink/mysql_table_sink_operator.cpp.o
[431/1346] Building CXX object src/exec/CMakeFiles/Exec.dir/pipeline/sort/spillable_partition_sort_sink_operator.cpp.o
[432/1346] Building CXX object src/exec/CMakeFiles/Exec.dir/pipeline/sink/connector_sink_operator.cpp.o
[433/1346] Building CXX object src/exec/CMakeFiles/Exec.dir/pipeline/sort/local_parallel_merge_sort_source_operator.cpp.o
[434/1346] Building CXX object src/exec/CMakeFiles/Exec.dir/pipeline/nljoin/spillable_nljoin_build_operator.cpp.o
[435/1346] Building CXX object src/exec/CMakeFiles/Exec.dir/pipeline/sink/memory_scratch_sink_operator.cpp.o
[436/1346] Building CXX object src/exec/CMakeFiles/Exec.dir/pipeline/sort/local_partition_topn_sink.cpp.o
[437/1346] Building CXX object src/exec/CMakeFiles/Exec.dir/pipeline/sort/partition_sort_sink_operator.cpp.o
[438/1346] Building CXX object src/exec/CMakeFiles/Exec.dir/pipeline/nljoin/nljoin_probe_operator.cpp.o
[439/1346] Building CXX object src/exec/CMakeFiles/Exec.dir/pipeline/sort/local_merge_sort_source_operator.cpp.o
[440/1346] Building CXX object src/exec/CMakeFiles/Exec.dir/pipeline/nljoin/nljoin_context.cpp.o
[441/1346] Building CXX object src/exec/CMakeFiles/Exec.dir/pipeline/sink/export_sink_operator.cpp.o
[442/1346] Building CXX object src/exec/CMakeFiles/Exec.dir/pipeline/sink/table_function_table_sink_operator.cpp.o
[443/1346] Building CXX object src/exec/CMakeFiles/Exec.dir/pipeline/sink/file_sink_operator.cpp.o
[444/1346] Building CXX object src/exec/CMakeFiles/Exec.dir/pipeline/sort/local_partition_topn_context.cpp.o
ninja: build stopped: subcommand failed.

real	1m8.271s
user	15m59.054s
sys	1m6.595s
